******************************************************************************
       MSP430 Evaluation Linker PC v3.2.3                      
******************************************************************************
>> Linked Wed Jan 09 15:49:27 2013

OUTPUT FILE NAME:   <ez430_chronos_915MHz.out>
ENTRY POINT SYMBOL: "_c_int00"  address: 0000cad2


MEMORY CONFIGURATION

         name            origin    length      used     unused   attr    fill
----------------------  --------  ---------  --------  --------  ----  --------
  SFR                   00000000   00000010  00000000  00000010  RWIX
  PERIPHERALS_8BIT      00000010   000000f0  00000000  000000f0  RWIX
  PERIPHERALS_16BIT     00000100   00000100  00000000  00000100  RWIX
  INFOD                 00001800   00000080  00000000  00000080  RWIX
  INFOC                 00001880   00000080  00000000  00000080  RWIX
  INFOB                 00001900   00000080  00000000  00000080  RWIX
  INFOA                 00001980   00000080  00000000  00000080  RWIX
  RAM                   00001c00   00000ffe  000002d1  00000d2d  RWIX
  FLASH                 00008000   00007f80  00005b2d  00002453  RWIX
  INT00                 0000ff80   00000002  00000000  00000002  RWIX
  INT01                 0000ff82   00000002  00000000  00000002  RWIX
  INT02                 0000ff84   00000002  00000000  00000002  RWIX
  INT03                 0000ff86   00000002  00000000  00000002  RWIX
  INT04                 0000ff88   00000002  00000000  00000002  RWIX
  INT05                 0000ff8a   00000002  00000000  00000002  RWIX
  INT06                 0000ff8c   00000002  00000000  00000002  RWIX
  INT07                 0000ff8e   00000002  00000000  00000002  RWIX
  INT08                 0000ff90   00000002  00000000  00000002  RWIX
  INT09                 0000ff92   00000002  00000000  00000002  RWIX
  INT10                 0000ff94   00000002  00000000  00000002  RWIX
  INT11                 0000ff96   00000002  00000000  00000002  RWIX
  INT12                 0000ff98   00000002  00000000  00000002  RWIX
  INT13                 0000ff9a   00000002  00000000  00000002  RWIX
  INT14                 0000ff9c   00000002  00000000  00000002  RWIX
  INT15                 0000ff9e   00000002  00000000  00000002  RWIX
  INT16                 0000ffa0   00000002  00000000  00000002  RWIX
  INT17                 0000ffa2   00000002  00000000  00000002  RWIX
  INT18                 0000ffa4   00000002  00000000  00000002  RWIX
  INT19                 0000ffa6   00000002  00000000  00000002  RWIX
  INT20                 0000ffa8   00000002  00000000  00000002  RWIX
  INT21                 0000ffaa   00000002  00000000  00000002  RWIX
  INT22                 0000ffac   00000002  00000000  00000002  RWIX
  INT23                 0000ffae   00000002  00000000  00000002  RWIX
  INT24                 0000ffb0   00000002  00000000  00000002  RWIX
  INT25                 0000ffb2   00000002  00000000  00000002  RWIX
  INT26                 0000ffb4   00000002  00000000  00000002  RWIX
  INT27                 0000ffb6   00000002  00000000  00000002  RWIX
  INT28                 0000ffb8   00000002  00000000  00000002  RWIX
  INT29                 0000ffba   00000002  00000000  00000002  RWIX
  INT30                 0000ffbc   00000002  00000000  00000002  RWIX
  INT31                 0000ffbe   00000002  00000000  00000002  RWIX
  INT32                 0000ffc0   00000002  00000000  00000002  RWIX
  INT33                 0000ffc2   00000002  00000000  00000002  RWIX
  INT34                 0000ffc4   00000002  00000000  00000002  RWIX
  INT35                 0000ffc6   00000002  00000000  00000002  RWIX
  INT36                 0000ffc8   00000002  00000000  00000002  RWIX
  INT37                 0000ffca   00000002  00000000  00000002  RWIX
  INT38                 0000ffcc   00000002  00000000  00000002  RWIX
  INT39                 0000ffce   00000002  00000000  00000002  RWIX
  INT40                 0000ffd0   00000002  00000000  00000002  RWIX
  INT41                 0000ffd2   00000002  00000000  00000002  RWIX
  INT42                 0000ffd4   00000002  00000000  00000002  RWIX
  INT43                 0000ffd6   00000002  00000000  00000002  RWIX
  INT44                 0000ffd8   00000002  00000000  00000002  RWIX
  INT45                 0000ffda   00000002  00000000  00000002  RWIX
  INT46                 0000ffdc   00000002  00000000  00000002  RWIX
  INT47                 0000ffde   00000002  00000000  00000002  RWIX
  INT48                 0000ffe0   00000002  00000002  00000000  RWIX
  INT49                 0000ffe2   00000002  00000000  00000002  RWIX
  INT50                 0000ffe4   00000002  00000000  00000002  RWIX
  INT51                 0000ffe6   00000002  00000000  00000002  RWIX
  INT52                 0000ffe8   00000002  00000000  00000002  RWIX
  INT53                 0000ffea   00000002  00000000  00000002  RWIX
  INT54                 0000ffec   00000002  00000002  00000000  RWIX
  INT55                 0000ffee   00000002  00000002  00000000  RWIX
  INT56                 0000fff0   00000002  00000000  00000002  RWIX
  INT57                 0000fff2   00000002  00000000  00000002  RWIX
  INT58                 0000fff4   00000002  00000000  00000002  RWIX
  INT59                 0000fff6   00000002  00000000  00000002  RWIX
  INT60                 0000fff8   00000002  00000000  00000002  RWIX
  INT61                 0000fffa   00000002  00000000  00000002  RWIX
  INT62                 0000fffc   00000002  00000000  00000002  RWIX
  RESET                 0000fffe   00000002  00000002  00000000  RWIX


SECTION ALLOCATION MAP

 output                                  attributes/
section   page    origin      length       input sections
--------  ----  ----------  ----------   ----------------
.pinit     0    00008000    00000000     UNINITIALIZED

.bss       0    00001c00    00000281     UNINITIALIZED
                  00001c00    0000008c     nwk_QMgmt.obj (.bss)
                  00001c8c    00000054     display1.obj (.bss)
                  00001ce0    00000046     rfsimpliciti.obj (.bss)
                  00001d26    0000003d     mrfi.obj (.bss)
                  00001d63    0000001d     nwk.obj (.bss)
                  00001d80    0000001c     BlueRobin_RX_915MHz.lib : BRRX_Resource.obj (.bss)
                  00001d9c    00000010     main.obj (.bss)
                  00001dac    0000000e     altitude.obj (.bss)
                  00001dba    0000000e     clock.obj (.bss)
                  00001dc8    0000000e     stopwatch.obj (.bss)
                  00001dd6    0000000c     BlueRobin_RX_915MHz.lib : BRRX_Scheduler.obj (.bss)
                  00001de2    0000000a                             : BR_Common.obj (.bss)
                  00001dec    0000000a     acceleration.obj (.bss)
                  00001df6    0000000a     display.obj (.bss)
                  00001e00    0000000a     nwk_frame.obj (.bss)
                  00001e0a    0000000a     nwk_link.obj (.bss)
                  00001e14    00000009     nwk_globals.obj (.bss)
                  00001e1d    00000001     main_ED_BM.obj (.bss)
                  00001e1e    00000009     nwk_join.obj (.bss)
                  00001e27    00000001     nwk_api.obj (.bss)
                  00001e28    00000008     BlueRobin_RX_915MHz.lib : BRRX_Timer.obj (.bss)
                  00001e30    00000008     battery.obj (.bss)
                  00001e38    00000008     buzzer.obj (.bss)
                  00001e40    00000008     ports.obj (.bss)
                  00001e48    00000008     rts430x.lib : _lock.obj (.bss)
                  00001e50    00000008                 : boot.obj (.bss)
                  00001e58    00000007     timer.obj (.bss)
                  00001e5f    00000001     nwk_ping.obj (.bss)
                  00001e60    00000006     BlueRobin_RX_915MHz.lib : BRRX_Radio.obj (.bss)
                  00001e66    00000006     date.obj (.bss)
                  00001e6c    00000005     BlueRobin_RX_915MHz.lib : BRRX_Packet.obj (.bss)
                  00001e71    00000001     vti_as.obj (.bss)
                  00001e72    00000004     BlueRobin_RX_915MHz.lib : BRRX_API.obj (.bss)
                  00001e76    00000004     alarm.obj (.bss)
                  00001e7a    00000004     menu.obj (.bss)
                  00001e7e    00000003     nwk_mgmt.obj (.bss)

.stack     0    00002bac    00000050     UNINITIALIZED
                  00002bac    00000002     rts430x.lib : boot.obj (.stack)
                  00002bae    0000004e     --HOLE--

.text      0    00008000    0000543a     
                  00008000    0000027c     BlueRobin_RX_915MHz.lib : BRRX_Scheduler.obj (.text:BRRX__Scheduler_v)
                  0000827c    0000026c     test.obj (.text:test_mode)
                  000084e8    00000226     user.obj (.text:set_value)
                  0000870e    00000212     clock.obj (.text:mx_time)
                  00008920    000001fe     date.obj (.text:mx_date)
                  00008b1e    000001fa     timer.obj (.text:_isr:TIMER0_A0_ISR)
                  00008d18    000001ba     mrfi.obj (.text:MRFI_Init)
                  00008ed2    00000198     ports.obj (.text:_isr:PORT2_ISR)
                  0000906a    00000196     clock.obj (.text:display_time)
                  00009200    0000015c     acceleration.obj (.text:display_acceleration)
                  0000935c    00000158     main.obj (.text:display_update)
                  000094b4    00000154     nwk_link.obj (.text:nwk_link)
                  00009608    00000136     rfsimpliciti.obj (.text:simpliciti_sync_decode_ap_cmd_callback)
                  0000973e    00000130     rts430x.lib : fs_add.obj (.text)
                  0000986e    0000012e     stopwatch.obj (.text:display_stopwatch)
                  0000999c    00000122     altitude.obj (.text:display_altitude)
                  00009abe    00000120     mrfi.obj (.text:MRFI_Transmit)
                  00009bde    0000011e     BlueRobin_RX_915MHz.lib : BRRX_Scheduler.obj (.text:PacketMissed_v)
                  00009cfc    0000011e     nwk_api.obj (.text:SMPL_Ioctl)
                  00009e1a    00000116     altitude.obj (.text:mx_altitude)
                  00009f30    00000106     main.obj (.text:wakeup_event)
                  0000a036    00000104     alarm.obj (.text:mx_alarm)
                  0000a13a    000000f8     nwk_join.obj (.text:nwk_join)
                  0000a232    000000ee     nwk_api.obj (.text:SMPL_SendOpt)
                  0000a320    000000ee     nwk_QMgmt.obj (.text:nwk_QfindOldest)
                  0000a40e    000000e8     display.obj (.text:display_chars)
                  0000a4f6    000000dc     alarm.obj (.text:display_alarm)
                  0000a5d2    000000d6     date.obj (.text:display_date)
                  0000a6a8    000000d6     rfsimpliciti.obj (.text:simpliciti_sync_get_data_callback)
                  0000a77e    000000d4     nwk.obj (.text:nwk_allocateLocalRxPort)
                  0000a852    000000d0     stopwatch.obj (.text:stopwatch_tick)
                  0000a922    000000cc     rfsimpliciti.obj (.text:start_simpliciti_tx_only)
                  0000a9ee    000000ca     main.obj (.text:init_application)
                  0000aab8    000000c8     display.obj (.text:itoa)
                  0000ab80    000000c4     main.obj (.text:read_calibration_values)
                  0000ac44    000000b6     BlueRobin_RX_915MHz.lib : BRRX_Scheduler.obj (.text:SearchPacketHit_u8)
                  0000acfa    000000b6     rts430x.lib : fs_mpy.obj (.text)
                  0000adb0    000000b6     main_ED_BM.obj (.text:simpliciti_link)
                  0000ae66    000000b6     main_ED_BM.obj (.text:simpliciti_main_sync)
                  0000af1c    000000a6     rfsimpliciti.obj (.text:simpliciti_get_ed_data_callback)
                  0000afc2    000000a2     nwk_frame.obj (.text:nwk_retrieveFrame)
                  0000b064    000000a0     altitude.obj (.text:do_altitude_measurement)
                  0000b104    0000009e     rfsimpliciti.obj (.text:start_simpliciti_sync)
                  0000b1a2    0000009c     nwk_ioctl.obj (.text:nwk_radioControl)
                  0000b23e    00000094     nwk.obj (.text:nwk_nwkInit)
                  0000b2d2    00000090     mrfi.obj (.text:mrfiRadioInterfaceCmdStrobe)
                  0000b362    0000008a     nwk_frame.obj (.text:nwk_buildFrame)
                  0000b3ec    00000086     BlueRobin_RX_915MHz.lib : BRRX_Scheduler.obj (.text:GetData_v)
                  0000b472    00000082     date.obj (.text:get_numberOfDays)
                  0000b4f4    00000080     vti_as.obj (.text:as_start)
                  0000b574    0000007c     BlueRobin_RX_915MHz.lib : BRRX_Scheduler.obj (.text:TrimACLK_Offset_v)
                  0000b5f0    0000007a     nwk.obj (.text:nwk_getNextConnection)
                  0000b66a    00000076     nwk_QMgmt.obj (.text:nwk_QfindSlot)
                  0000b6e0    00000074     battery.obj (.text:battery_measurement)
                  0000b754    00000072     timer.obj (.text:_isr:TIMER0_A1_5_ISR)
                  0000b7c6    00000070     display.obj (.text:display_char)
                  0000b836    0000006e     BlueRobin_RX_915MHz.lib : BRRX_Radio.obj (.text:BRRX_RadioReceive_v)
                  0000b8a4    0000006e     rts430x.lib : lsr32.obj (.text)
                  0000b912    0000006c     vti_as.obj (.text:as_read_register)
                  0000b97e    0000006c     vti_as.obj (.text:as_write_register)
                  0000b9ea    00000068     mrfi.obj (.text:MRFI_SetLogicalChannel)
                  0000ba52    00000068     main.obj (.text:init_global_variables)
                  0000baba    00000064     display.obj (.text:display_hours1)
                  0000bb1e    00000060     display.obj (.text:clear_line)
                  0000bb7e    00000060     display.obj (.text:write_lcd_mem)
                  0000bbde    0000005e     battery.obj (.text:display_battery_V)
                  0000bc3c    0000005c     clock.obj (.text:clock_tick)
                  0000bc98    0000005c     stopwatch.obj (.text:sx_stopwatch)
                  0000bcf4    0000005c     buzzer.obj (.text:toggle_buzzer)
                  0000bd50    0000005a     BlueRobin_RX_915MHz.lib : BRRX_Scheduler.obj (.text:PrepareForFirstPacket_v)
                  0000bdaa    00000058     altitude.obj (.text:reset_altitude_measurement)
                  0000be02    00000058     rts430x.lib : div32u.obj (.text)
                  0000be5a    00000054     mrfi.obj (.text:MRFI_ReplyDelay)
                  0000beae    00000052     BlueRobin_RX_915MHz.lib : BRRX_Scheduler.obj (.text:BRRX__StartNewSearch_v)
                  0000bf00    00000052                             : BRRX_Scheduler.obj (.text:TestStartTime_v)
                  0000bf52    00000052     nwk_ioctl.obj (.text:nwk_rawSend)
                  0000bfa4    0000004e     rts430x.lib : lsl32.obj (.text)
                  0000bff2    0000004c     BlueRobin_RX_915MHz.lib : BRRX_Scheduler.obj (.text:SearchPacketCheck_u8)
                  0000c03e    0000004c     date.obj (.text:add_day)
                  0000c08a    0000004c     ports.obj (.text:button_repeat_function)
                  0000c0d6    0000004c     rts430x.lib : fs_toul.obj (.text)
                  0000c122    0000004a     timer.obj (.text:Timer0_A4_Delay)
                  0000c16c    0000004a     acceleration.obj (.text:convert_acceleration_value_to_mgrav)
                  0000c1b6    00000048     main.obj (.text:process_requests)
                  0000c1fe    00000046     BlueRobin_RX_915MHz.lib : BR_Common.obj (.text:BR__CalcRandomTimeOffset_u16)
                  0000c244    00000046     mrfi.obj (.text:MRFI_RxIdle)
                  0000c28a    00000046     pmm.obj (.text:SetVCoreUp)
                  0000c2d0    00000046     rts430x.lib : autoinit.obj (.text:_auto_init)
                  0000c316    00000046     mrfi.obj (.text:mrfiRadioInterfaceReadReg)
                  0000c35c    00000046     rts430x.lib : fs_tou.obj (.text)
                  0000c3a2    00000046     main_ED_BM.obj (.text:simpliciti_main_tx_only)
                  0000c3e8    00000046     buzzer.obj (.text:start_buzzer)
                  0000c42e    00000046     stopwatch.obj (.text:update_stopwatch_timer)
                  0000c474    00000044     nwk_api.obj (.text:SMPL_Receive)
                  0000c4b8    00000040     rts430x.lib : div32s.obj (.text)
                  0000c4f8    00000040     altitude.obj (.text:start_altitude_measurement)
                  0000c538    0000003e     BlueRobin_RX_915MHz.lib : BRRX_API.obj (.text:BRRX__NewInfo_v)
                  0000c576    0000003e                             : BRRX_Scheduler.obj (.text:PacketHit_u8)
                  0000c5b4    0000003e     main.obj (.text:main)
                  0000c5f2    0000003e     stopwatch.obj (.text:mx_stopwatch)
                  0000c630    0000003c     BlueRobin_RX_915MHz.lib : BRRX_Timer.obj (.text:BRRX_TimerTask_v)
                  0000c66c    0000003c     rfbsl.obj (.text:sx_rfbsl)
                  0000c6a8    00000036     nwk.obj (.text:nwk_putNumObjectIntoMsg)
                  0000c6de    00000034     bsp.obj (.text:BSP_Delay)
                  0000c712    00000034     nwk_api.obj (.text:SMPL_Init)
                  0000c746    00000034     BlueRobin_RX_915MHz.lib : BRRX_Scheduler.obj (.text:TrimRFCLK_Offset_v)
                  0000c77a    00000034     mrfi.obj (.text:mrfiRadioInterfaceWriteReg)
                  0000c7ae    00000034     mrfi.obj (.text:mrfiRadioInterfaceWriteTxFifo)
                  0000c7e2    00000032     BlueRobin_RX_915MHz.lib : BRRX_Radio.obj (.text:BRRX_RadioStop_v)
                  0000c814    00000032     mrfi.obj (.text:MRFI_RxOn)
                  0000c846    00000032     vti_as.obj (.text:as_stop)
                  0000c878    00000032     nwk_ioctl.obj (.text:nwk_deviceAddress)
                  0000c8aa    00000032     rts430x.lib : fs_ultof.obj (.text)
                  0000c8dc    00000032     alarm.obj (.text:sx_alarm)
                  0000c90e    00000030     nwk_link.obj (.text:nwk_linkInit)
                  0000c93e    00000030     nwk_ioctl.obj (.text:nwk_rawReceive)
                  0000c96e    00000030     nwk_frame.obj (.text:nwk_sendFrame)
                  0000c99e    0000002e     mrfi.obj (.text:Mrfi_CalculateRssi)
                  0000c9cc    0000002e     vti_as.obj (.text:as_init)
                  0000c9fa    0000002c     vti_as.obj (.text:as_get_data)
                  0000ca26    0000002c     nwk_QMgmt.obj (.text:nwk_QadjustOrder)
                  0000ca52    0000002c     rts430x.lib : div16s.obj (.text)
                  0000ca7e    0000002a     mrfi.obj (.text:MRFI_SetRxAddrFilter)
                  0000caa8    0000002a     BlueRobin_RX_915MHz.lib : BRRX_Scheduler.obj (.text:SearchPacketMissed_u8)
                  0000cad2    0000002a     rts430x.lib : boot.obj (.text:_isr:_c_int00_noexit)
                  0000cafc    0000002a     display.obj (.text:lcd_init)
                  0000cb26    00000028     nwk.obj (.text:map_lid2idx)
                  0000cb4e    00000028     nwk.obj (.text:nwk_getConnInfo)
                  0000cb76    00000026     pmm.obj (.text:SetVCoreDown)
                  0000cb9c    00000026     ports.obj (.text:init_buttons)
                  0000cbc2    00000026     nwk.obj (.text:nwk_checkConnInfo)
                  0000cbe8    00000026     nwk_globals.obj (.text:nwk_globalsInit)
                  0000cc0e    00000026     nwk_join.obj (.text:nwk_joinInit)
                  0000cc34    00000026     buzzer.obj (.text:stop_buzzer)
                  0000cc5a    00000024     BlueRobin_RX_915MHz.lib : BRRX_API.obj (.text:BRRX_GetState_t)
                  0000cc7e    00000024     mrfi.obj (.text:MRFI_Sleep)
                  0000cca2    00000024     mrfi.obj (.text:Mrfi_DelayUsec)
                  0000ccc6    00000024     pmm.obj (.text:SetVCore)
                  0000ccea    00000024     rts430x.lib : memcmp.obj (.text:memcmp)
                  0000cd0e    00000024     clock.obj (.text:reset_clock)
                  0000cd32    00000024     rts430x.lib : fs_utof.obj (.text)
                  0000cd56    00000022     mrfi.obj (.text:MRFI_WakeUp)
                  0000cd78    00000022     ports.obj (.text:button_repeat_on)
                  0000cd9a    00000022     display.obj (.text:display_value1)
                  0000cdbc    00000022     nwk_frame.obj (.text:nwk_buildAckReqFrame)
                  0000cdde    00000022     rts430x.lib : mult32_f5hw.obj (.text)
                  0000ce00    00000020     mrfi.obj (.text:MRFI_Rssi)
                  0000ce20    00000020     display.obj (.text:display_am_pm_symbol)
                  0000ce40    00000020     rts430x.lib : memmov.obj (.text:memmove)
                  0000ce60    00000020     nwk_ioctl.obj (.text:nwk_connectionControl)
                  0000ce80    00000020     stopwatch.obj (.text:reset_stopwatch)
                  0000cea0    0000001e     mrfi.obj (.text:MRFI_EnableRxAddrFilter)
                  0000cebe    0000001e     BlueRobin_RX_915MHz.lib : BRRX_Timer.obj (.text:SetAbsoluteTimer_v)
                  0000cedc    0000001e     display.obj (.text:display_symbol)
                  0000cefa    0000001e     nwk_frame.obj (.text:nwk_frameInit)
                  0000cf18    0000001e     nwk_globals.obj (.text:nwk_setMyAddress)
                  0000cf36    0000001c     alarm.obj (.text:check_alarm)
                  0000cf52    0000001c     display.obj (.text:clear_display_all)
                  0000cf6e    0000001c     nwk_QMgmt.obj (.text:nwk_QInit)
                  0000cf8a    0000001c     altitude.obj (.text:stop_altitude_measurement)
                  0000cfa6    0000001c     acceleration.obj (.text:sx_acceleration)
                  0000cfc2    0000001a     BlueRobin_RX_915MHz.lib : BRRX_Scheduler.obj (.text:GetPacketTolerance_u8)
                  0000cfdc    0000001a     mrfi.obj (.text:MRFI_SetRFPwr)
                  0000cff6    0000001a     stopwatch.obj (.text:stop_stopwatch)
                  0000d010    00000018     mrfi.obj (.text:MRFI_DelayMs)
                  0000d028    00000018     timer.obj (.text:Timer0_A3_Start)
                  0000d040    00000018     clock.obj (.text:convert_hour_to_12H_format)
                  0000d058    00000018     stopwatch.obj (.text:inc_stopwatch)
                  0000d070    00000018     alarm.obj (.text:reset_alarm)
                  0000d088    00000018     rfsimpliciti.obj (.text:sx_ppt)
                  0000d0a0    00000018     rfsimpliciti.obj (.text:sx_rf)
                  0000d0b8    00000016     mrfi.obj (.text:MRFI_RandomByte)
                  0000d0ce    00000016     clock.obj (.text:display_selection_Timeformat1)
                  0000d0e4    00000016     rts430x.lib : div16u.obj (.text)
                  0000d0fa    00000016                 : mult16_f5hw.obj (.text)
                  0000d110    00000016     rfsimpliciti.obj (.text:sx_sync)
                  0000d126    00000014     timer.obj (.text:Timer0_Init)
                  0000d13a    00000014     rfsimpliciti.obj (.text:display_ppt)
                  0000d14e    00000014     rfsimpliciti.obj (.text:display_rf)
                  0000d162    00000014     rfbsl.obj (.text:display_rfbsl)
                  0000d176    00000014     rfsimpliciti.obj (.text:display_sync)
                  0000d18a    00000014     stopwatch.obj (.text:is_stopwatch)
                  0000d19e    00000014     rts430x.lib : memset.obj (.text:memset)
                  0000d1b2    00000014     date.obj (.text:reset_date)
                  0000d1c6    00000012     BlueRobin_RX_915MHz.lib : BR_Common.obj (.text:BR__CalcRandomChannel_u8)
                  0000d1d8    00000012     acceleration.obj (.text:is_acceleration_measurement)
                  0000d1ea    00000012     altitude.obj (.text:is_altitude_measurement)
                  0000d1fc    00000012     rts430x.lib : memcpy.obj (.text:memcpy)
                  0000d20e    00000012     nwk_join.obj (.text:nwk_getJoinToken)
                  0000d220    00000012     nwk_link.obj (.text:nwk_getLinkToken)
                  0000d232    00000012     nwk_globals.obj (.text:nwk_getMyAddress)
                  0000d244    00000012     nwk_join.obj (.text:nwk_setJoinToken)
                  0000d256    00000012     nwk_link.obj (.text:nwk_setLinkToken)
                  0000d268    00000012     battery.obj (.text:reset_batt_measurement)
                  0000d27a    00000010     bsp.obj (.text:BSP_InitBoard)
                  0000d28a    00000010     acceleration.obj (.text:do_acceleration_measurement)
                  0000d29a    00000010     date.obj (.text:sx_date)
                  0000d2aa    00000010     clock.obj (.text:sx_time)
                  0000d2ba    0000000e     main.obj (.text:idle_loop)
                  0000d2c8    0000000e     clock.obj (.text:is_hour_am)
                  0000d2d6    0000000e     acceleration.obj (.text:reset_acceleration)
                  0000d2e4    0000000e     display.obj (.text:set_blink_rate)
                  0000d2f2    0000000c     BlueRobin_RX_915MHz.lib : BRRX_Timer.obj (.text:BRRX__GetCurrentTime_u16)
                  0000d2fe    0000000c     timer.obj (.text:Timer0_Stop)
                  0000d30a    0000000c     display.obj (.text:clear_display)
                  0000d316    0000000c     rfsimpliciti.obj (.text:is_rf)
                  0000d322    0000000c     nwk_globals.obj (.text:nwk_setAPAddress)
                  0000d32e    0000000c     display.obj (.text:switch_seg)
                  0000d33a    0000000c     menu.obj (.text:update_acceleration)
                  0000d346    0000000c     menu.obj (.text:update_alarm)
                  0000d352    0000000c     menu.obj (.text:update_battery_voltage)
                  0000d35e    0000000c     menu.obj (.text:update_stopwatch)
                  0000d36a    0000000c     menu.obj (.text:update_temperature)
                  0000d376    0000000a     BlueRobin_RX_915MHz.lib : BRRX_Timer.obj (.text:BRRX__StopTimer_v)
                  0000d380    0000000a     ports.obj (.text:button_repeat_off)
                  0000d38a    0000000a     nwk_mgmt.obj (.text:nwk_mgmtInit)
                  0000d394    0000000a     nwk_ping.obj (.text:nwk_pingInit)
                  0000d39e    0000000a     buzzer.obj (.text:reset_buzzer)
                  0000d3a8    0000000a     rfsimpliciti.obj (.text:reset_rf)
                  0000d3b2    0000000a     menu.obj (.text:update_date)
                  0000d3bc    0000000a     menu.obj (.text:update_time)
                  0000d3c6    00000008     BlueRobin_RX_915MHz.lib : BRRX_Radio.obj (.text:BRRX_GetFS_Offset_s8)
                  0000d3ce    00000008     timer.obj (.text:Timer0_A3_Stop)
                  0000d3d6    00000008     timer.obj (.text:Timer0_Start)
                  0000d3de    00000008     alarm.obj (.text:stop_alarm)
                  0000d3e6    00000008     main.obj (.text:to_lpm)
                  0000d3ee    00000006     mrfi.obj (.text:MRFI_GetRadioState)
                  0000d3f4    00000006     display.obj (.text:clear_blink_mem)
                  0000d3fa    00000006     nwk.obj (.text:nwk_freeConnection)
                  0000d400    00000006     nwk_globals.obj (.text:nwk_getBCastAddress)
                  0000d406    00000006     nwk_globals.obj (.text:nwk_getFWVersion)
                  0000d40c    00000006     display.obj (.text:start_blink)
                  0000d412    00000006     display.obj (.text:stop_blink)
                  0000d418    00000004     nwk_api.obj (.text:SMPL_Link)
                  0000d41c    00000004     rts430x.lib : pre_init.obj (.text:_system_pre_init)
                  0000d420    00000004                 : exit.obj (.text:abort)
                  0000d424    00000004     nwk.obj (.text:nwk_NVObj)
                  0000d428    00000004     nwk_frame.obj (.text:nwk_getMyRxType)
                  0000d42c    00000004     nwk_globals.obj (.text:nwk_getProtocolVersion)
                  0000d430    00000002     rts430x.lib : _lock.obj (.text:_nop)
                  0000d432    00000002     user.obj (.text:dummy)
                  0000d434    00000002     nwk_freq.obj (.text:nwk_freqInit)
                  0000d436    00000002     nwk_security.obj (.text:nwk_securityInit)
                  0000d438    00000002     altitude.obj (.text:sx_altitude)

.const     0    0000d43a    0000056b     
                  0000d43a    00000220     display1.obj (.const:itoa_conversion_table)
                  0000d65a    0000010e     menu.obj (.const)
                  0000d768    00000100     BlueRobin_RX_915MHz.lib : BR_Common.obj (.const:RandomValue_u8)
                  0000d868    00000040     mrfi.obj (.const:mrfiRadioCfg)
                  0000d8a8    0000002b     display1.obj (.const:lcd_font)
                  0000d8d3    00000001     --HOLE-- [fill = 0]
                  0000d8d4    0000002a     display1.obj (.const:segments_bitmask)
                  0000d8fe    00000024     main.obj (.const:.string)
                  0000d922    00000018     rfsimpliciti.obj (.const:.string)
                  0000d93a    0000000e     rfbsl.obj (.const:.string)
                  0000d948    0000000e     acceleration.obj (.const:mgrav_per_bit)
                  0000d956    0000000c     test.obj (.const:.string)
                  0000d962    0000000a     stopwatch.obj (.const:.string)
                  0000d96c    00000009     nwk_globals.obj (.const)
                  0000d975    00000001     --HOLE-- [fill = 0]
                  0000d976    00000008     display.obj (.const:.string)
                  0000d97e    00000008     clock.obj (.const:selection_Timeformat)
                  0000d986    00000006     timer.obj (.const:.string)
                  0000d98c    00000004     acceleration.obj (.const:.string)
                  0000d990    00000004     altitude.obj (.const:.string)
                  0000d994    00000004     BlueRobin_RX_915MHz.lib : BRRX_Resource.obj (.const)
                  0000d998    00000004     mrfi.obj (.const:mrfiBroadcastAddr)
                  0000d99c    00000004     mrfi.obj (.const:mrfiLogicalChanTable)
                  0000d9a0    00000003     mrfi.obj (.const:mrfiRFPowerTable)
                  0000d9a3    00000001     --HOLE-- [fill = 0]
                  0000d9a4    00000001     nwk_frame.obj (.const)

.cinit     0    0000d9a6    00000188     
                  0000d9a6    00000058     display1.obj (.cinit)
                  0000d9fe    0000004d     mrfi.obj (.cinit)
                  0000da4b    00000001     --HOLE-- [fill = 0]
                  0000da4c    0000001a     nwk_frame.obj (.cinit)
                  0000da66    00000019     nwk_link.obj (.cinit)
                  0000da7f    00000001     --HOLE-- [fill = 0]
                  0000da80    00000017     BlueRobin_RX_915MHz.lib : BRRX_Scheduler.obj (.cinit)
                  0000da97    00000001     --HOLE-- [fill = 0]
                  0000da98    00000017                             : BRRX_Timer.obj (.cinit)
                  0000daaf    00000001     --HOLE-- [fill = 0]
                  0000dab0    00000015     nwk_join.obj (.cinit)
                  0000dac5    00000001     --HOLE-- [fill = 0]
                  0000dac6    0000000c     BlueRobin_RX_915MHz.lib : BRRX_Radio.obj (.cinit)
                  0000dad2    0000000c     menu.obj (.cinit)
                  0000dade    0000000b     BlueRobin_RX_915MHz.lib : BRRX_Packet.obj (.cinit)
                  0000dae9    00000001     --HOLE-- [fill = 0]
                  0000daea    0000000b     nwk_mgmt.obj (.cinit)
                  0000daf5    00000001     --HOLE-- [fill = 0]
                  0000daf6    0000000b     ports.obj (.cinit)
                  0000db01    00000001     --HOLE-- [fill = 0]
                  0000db02    00000005     nwk.obj (.cinit)
                  0000db07    00000001     --HOLE-- [fill = 0]
                  0000db08    00000005     nwk_api.obj (.cinit)
                  0000db0d    00000001     --HOLE-- [fill = 0]
                  0000db0e    00000005     nwk_globals.obj (.cinit)
                  0000db13    00000001     --HOLE-- [fill = 0]
                  0000db14    00000005     nwk_ping.obj (.cinit)
                  0000db19    00000001     --HOLE-- [fill = 0]
                  0000db1a    00000005     rfsimpliciti.obj (.cinit)
                  0000db1f    00000001     --HOLE-- [fill = 0]
                  0000db20    00000005     stopwatch.obj (.cinit)
                  0000db25    00000001     --HOLE-- [fill = 0]
                  0000db26    00000005     timer.obj (.cinit)
                  0000db2b    00000001     --HOLE-- [fill = 0]
                  0000db2c    00000002     (.pad.cinit) [fill = 0]

.int48     0    0000ffe0    00000002     
                  0000ffe0    00000002     ports.obj (.int48)

.int54     0    0000ffec    00000002     
                  0000ffec    00000002     timer.obj (.int54)

.int55     0    0000ffee    00000002     
                  0000ffee    00000002     timer.obj (.int55)

.reset     0    0000fffe    00000002     
                  0000fffe    00000002     rts430x.lib : boot.obj (.reset)


GLOBAL SYMBOLS: SORTED ALPHABETICALLY BY Name 

address    name
--------   ----
00001c00   .bss
00008000   .text
00000700   ADC12CTL0
00000701   ADC12CTL0_H
00000700   ADC12CTL0_L
00000702   ADC12CTL1
00000703   ADC12CTL1_H
00000702   ADC12CTL1_L
00000704   ADC12CTL2
00000705   ADC12CTL2_H
00000704   ADC12CTL2_L
0000070c   ADC12IE
0000070d   ADC12IE_H
0000070c   ADC12IE_L
0000070a   ADC12IFG
0000070b   ADC12IFG_H
0000070a   ADC12IFG_L
0000070e   ADC12IV
0000070f   ADC12IV_H
0000070e   ADC12IV_L
00000710   ADC12MCTL0
00000711   ADC12MCTL1
0000071a   ADC12MCTL10
0000071b   ADC12MCTL11
0000071c   ADC12MCTL12
0000071d   ADC12MCTL13
0000071e   ADC12MCTL14
0000071f   ADC12MCTL15
00000712   ADC12MCTL2
00000713   ADC12MCTL3
00000714   ADC12MCTL4
00000715   ADC12MCTL5
00000716   ADC12MCTL6
00000717   ADC12MCTL7
00000718   ADC12MCTL8
00000719   ADC12MCTL9
00000720   ADC12MEM0
00000721   ADC12MEM0_H
00000720   ADC12MEM0_L
00000722   ADC12MEM1
00000734   ADC12MEM10
00000735   ADC12MEM10_H
00000734   ADC12MEM10_L
00000736   ADC12MEM11
00000737   ADC12MEM11_H
00000736   ADC12MEM11_L
00000738   ADC12MEM12
00000739   ADC12MEM12_H
00000738   ADC12MEM12_L
0000073a   ADC12MEM13
0000073b   ADC12MEM13_H
0000073a   ADC12MEM13_L
0000073c   ADC12MEM14
0000073d   ADC12MEM14_H
0000073c   ADC12MEM14_L
0000073e   ADC12MEM15
0000073f   ADC12MEM15_H
0000073e   ADC12MEM15_L
00000723   ADC12MEM1_H
00000722   ADC12MEM1_L
00000724   ADC12MEM2
00000725   ADC12MEM2_H
00000724   ADC12MEM2_L
00000726   ADC12MEM3
00000727   ADC12MEM3_H
00000726   ADC12MEM3_L
00000728   ADC12MEM4
00000729   ADC12MEM4_H
00000728   ADC12MEM4_L
0000072a   ADC12MEM5
0000072b   ADC12MEM5_H
0000072a   ADC12MEM5_L
0000072c   ADC12MEM6
0000072d   ADC12MEM6_H
0000072c   ADC12MEM6_L
0000072e   ADC12MEM7
0000072f   ADC12MEM7_H
0000072e   ADC12MEM7_L
00000730   ADC12MEM8
00000731   ADC12MEM8_H
00000730   ADC12MEM8_L
00000732   ADC12MEM9
00000733   ADC12MEM9_H
00000732   ADC12MEM9_L
000009c0   AESACTL0
000009c1   AESACTL0_H
000009c0   AESACTL0_L
000009c8   AESADIN
000009c9   AESADIN_H
000009c8   AESADIN_L
000009ca   AESADOUT
000009cb   AESADOUT_H
000009ca   AESADOUT_L
000009c6   AESAKEY
000009c7   AESAKEY_H
000009c6   AESAKEY_L
000009c4   AESASTAT
000009c5   AESASTAT_H
000009c4   AESASTAT_L
0000d3c6   BRRX_GetFS_Offset_s8
0000cc5a   BRRX_GetState_t
0000b836   BRRX_RadioReceive_v
0000c7e2   BRRX_RadioStop_v
0000c630   BRRX_TimerTask_v
00001e6e   BRRX__CurrentPacketTime_u16
00001e70   BRRX__CurrentSignalLevel_u8
0000d994   BRRX__First_TXCB_t
0000d2f2   BRRX__GetCurrentTime_u16
0000d996   BRRX__Last_TXCB_t
00001dde   BRRX__MaxSearchTries_u8
0000c538   BRRX__NewInfo_v
00001e2a   BRRX__NextEndTime_u16
00001e28   BRRX__NextEventTime_u16
00001e2d   BRRX__NextFrequencyOffset_s8
00001e2c   BRRX__NextFrequency_u8
00001de2   BRRX__PacketBits_t
00001ddc   BRRX__PowerdownDelay_u8
00008000   BRRX__Scheduler_v
00001ddf   BRRX__SearchRatio_u8
00001ddd   BRRX__SignalLevelReduction
0000beae   BRRX__StartNewSearch_v
00001e6c   BRRX__StatusFlags_t
0000d376   BRRX__StopTimer_v
00001d80   BRRX__TXCB_t
00001de0   BRRX__TestMode_u8
00001e2e   BRRX__TimerState_t
0000d1c6   BR__CalcRandomChannel_u8
0000c1fe   BR__CalcRandomTimeOffset_u16
0000c6de   BSP_Delay
0000d27a   BSP_InitBoard
0000d420   C$$EXIT
000008c0   CBCTL0
000008c1   CBCTL0_H
000008c0   CBCTL0_L
000008c2   CBCTL1
000008c3   CBCTL1_H
000008c2   CBCTL1_L
000008c4   CBCTL2
000008c5   CBCTL2_H
000008c4   CBCTL2_L
000008c6   CBCTL3
000008c7   CBCTL3_H
000008c6   CBCTL3_L
000008cc   CBINT
000008cd   CBINT_H
000008cc   CBINT_L
000008ce   CBIV
00000150   CRCDI
00000152   CRCDIRB
00000153   CRCDIRB_H
00000152   CRCDIRB_L
00000151   CRCDI_H
00000150   CRCDI_L
00000154   CRCINIRES
00000155   CRCINIRES_H
00000154   CRCINIRES_L
00000156   CRCRESR
00000157   CRCRESR_H
00000156   CRCRESR_L
00000510   DMA0CTL
00000511   DMA0CTL_H
00000510   DMA0CTL_L
00000516   DMA0DA
00000516   DMA0DAL
00000512   DMA0SA
00000512   DMA0SAL
0000051a   DMA0SZ
00000520   DMA1CTL
00000521   DMA1CTL_H
00000520   DMA1CTL_L
00000526   DMA1DA
00000526   DMA1DAL
00000522   DMA1SA
00000522   DMA1SAL
0000052a   DMA1SZ
00000530   DMA2CTL
00000531   DMA2CTL_H
00000530   DMA2CTL_L
00000536   DMA2DA
00000536   DMA2DAL
00000532   DMA2SA
00000532   DMA2SAL
0000053a   DMA2SZ
00000500   DMACTL0
00000501   DMACTL0_H
00000500   DMACTL0_L
00000502   DMACTL1
00000503   DMACTL1_H
00000502   DMACTL1_L
00000504   DMACTL2
00000505   DMACTL2_H
00000504   DMACTL2_L
00000506   DMACTL3
00000507   DMACTL3_H
00000506   DMACTL3_L
00000508   DMACTL4
00000509   DMACTL4_H
00000508   DMACTL4_L
0000050e   DMAIV
0000050f   DMAIV_H
0000050e   DMAIV_L
00000140   FCTL1
00000141   FCTL1_H
00000140   FCTL1_L
00000144   FCTL3
00000145   FCTL3_H
00000144   FCTL3_L
00000146   FCTL4
00000147   FCTL4_H
00000146   FCTL4_L
00000a04   LCDBBLKCTL
00000a05   LCDBBLKCTL_H
00000a04   LCDBBLKCTL_L
00000a12   LCDBCPCTL
00000a13   LCDBCPCTL_H
00000a12   LCDBCPCTL_L
00000a00   LCDBCTL0
00000a01   LCDBCTL0_H
00000a00   LCDBCTL0_L
00000a02   LCDBCTL1
00000a03   LCDBCTL1_H
00000a02   LCDBCTL1_L
00000a1e   LCDBIV
00000a40   LCDBM1
00000a49   LCDBM10
00000a4a   LCDBM11
00000a4b   LCDBM12
00000a4c   LCDBM13
00000a4d   LCDBM14
00000a4e   LCDBM15
00000a4f   LCDBM16
00000a50   LCDBM17
00000a51   LCDBM18
00000a52   LCDBM19
00000a41   LCDBM2
00000a53   LCDBM20
00000a54   LCDBM21
00000a55   LCDBM22
00000a56   LCDBM23
00000a57   LCDBM24
00000a42   LCDBM3
00000a43   LCDBM4
00000a44   LCDBM5
00000a45   LCDBM6
00000a46   LCDBM7
00000a47   LCDBM8
00000a48   LCDBM9
00000a06   LCDBMEMCTL
00000a07   LCDBMEMCTL_H
00000a06   LCDBMEMCTL_L
00000a0a   LCDBPCTL0
00000a0b   LCDBPCTL0_H
00000a0a   LCDBPCTL0_L
00000a0c   LCDBPCTL1
00000a0d   LCDBPCTL1_H
00000a0c   LCDBPCTL1_L
00000a0e   LCDBPCTL2
00000a0f   LCDBPCTL2_H
00000a0e   LCDBPCTL2_L
00000a10   LCDBPCTL3
00000a11   LCDBPCTL3_H
00000a10   LCDBPCTL3_L
00000a08   LCDBVCTL
00000a09   LCDBVCTL_H
00000a08   LCDBVCTL_L
00000a20   LCDM1
00000a29   LCDM10
00000a2a   LCDM11
00000a2b   LCDM12
00000a2c   LCDM13
00000a2d   LCDM14
00000a2e   LCDM15
00000a2f   LCDM16
00000a30   LCDM17
00000a31   LCDM18
00000a32   LCDM19
00000a21   LCDM2
00000a33   LCDM20
00000a34   LCDM21
00000a35   LCDM22
00000a36   LCDM23
00000a37   LCDM24
00000a22   LCDM3
00000a23   LCDM4
00000a24   LCDM5
00000a25   LCDM6
00000a26   LCDM7
00000a27   LCDM8
00000a28   LCDM9
0000bfa4   L_LSL
0000bfec   L_LSL_1
0000bfc8   L_LSL_10
0000bfc4   L_LSL_11
0000bfc0   L_LSL_12
0000bfbc   L_LSL_13
0000bfb8   L_LSL_14
0000bfb4   L_LSL_15
0000bfe8   L_LSL_2
0000bfe4   L_LSL_3
0000bfe0   L_LSL_4
0000bfdc   L_LSL_5
0000bfd8   L_LSL_6
0000bfd4   L_LSL_7
0000bfd0   L_LSL_8
0000bfcc   L_LSL_9
0000b8a4   L_LSR
0000b90a   L_LSR_1
0000b8d4   L_LSR_10
0000b8ce   L_LSR_11
0000b8c8   L_LSR_12
0000b8c2   L_LSR_13
0000b8bc   L_LSR_14
0000b8b6   L_LSR_15
0000b904   L_LSR_2
0000b8fe   L_LSR_3
0000b8f8   L_LSR_4
0000b8f2   L_LSR_5
0000b8ec   L_LSR_6
0000b8e6   L_LSR_7
0000b8e0   L_LSR_8
0000b8da   L_LSR_9
000004c4   MAC
000004da   MAC32H
000004db   MAC32H_H
000004da   MAC32H_L
000004d8   MAC32L
000004d9   MAC32L_H
000004d8   MAC32L_L
000004c6   MACS
000004de   MACS32H
000004df   MACS32H_H
000004de   MACS32H_L
000004dc   MACS32L
000004dd   MACS32L_H
000004dc   MACS32L_L
000004c7   MACS_H
000004c6   MACS_L
000004c5   MAC_H
000004c4   MAC_L
000004c0   MPY
000004ec   MPY32CTL0
000004ed   MPY32CTL0_H
000004ec   MPY32CTL0_L
000004d2   MPY32H
000004d3   MPY32H_H
000004d2   MPY32H_L
000004d0   MPY32L
000004d1   MPY32L_H
000004d0   MPY32L_L
000004c2   MPYS
000004d6   MPYS32H
000004d7   MPYS32H_H
000004d6   MPYS32H_L
000004d4   MPYS32L
000004d5   MPYS32L_H
000004d4   MPYS32L_L
000004c3   MPYS_H
000004c2   MPYS_L
000004c1   MPY_H
000004c0   MPY_L
0000d010   MRFI_DelayMs
0000cea0   MRFI_EnableRxAddrFilter
0000d3ee   MRFI_GetRadioState
00008d18   MRFI_Init
0000d0b8   MRFI_RandomByte
0000be5a   MRFI_ReplyDelay
0000ce00   MRFI_Rssi
0000c244   MRFI_RxIdle
0000c814   MRFI_RxOn
0000b9ea   MRFI_SetLogicalChannel
0000cfdc   MRFI_SetRFPwr
0000ca7e   MRFI_SetRxAddrFilter
0000cc7e   MRFI_Sleep
00009abe   MRFI_Transmit
0000cd56   MRFI_WakeUp
000004c8   OP2
000004e2   OP2H
000004e3   OP2H_H
000004e2   OP2H_L
000004e0   OP2L
000004e1   OP2L_H
000004e0   OP2L_L
000004c9   OP2_H
000004c8   OP2_L
0000020e   P1IV
000001c8   P1MAP01
000001c9   P1MAP01_H
000001c8   P1MAP01_L
000001ca   P1MAP23
000001cb   P1MAP23_H
000001ca   P1MAP23_L
000001cc   P1MAP45
000001cd   P1MAP45_H
000001cc   P1MAP45_L
000001ce   P1MAP67
000001cf   P1MAP67_H
000001ce   P1MAP67_L
0000021e   P2IV
000001d0   P2MAP01
000001d1   P2MAP01_H
000001d0   P2MAP01_L
000001d2   P2MAP23
000001d3   P2MAP23_H
000001d2   P2MAP23_L
000001d4   P2MAP45
000001d5   P2MAP45_H
000001d4   P2MAP45_L
000001d6   P2MAP67
000001d7   P2MAP67_H
000001d6   P2MAP67_L
000001d8   P3MAP01
000001d9   P3MAP01_H
000001d8   P3MAP01_L
000001da   P3MAP23
000001db   P3MAP23_H
000001da   P3MAP23_L
000001dc   P3MAP45
000001dd   P3MAP45_H
000001dc   P3MAP45_L
000001de   P3MAP67
000001df   P3MAP67_H
000001de   P3MAP67_L
00000204   PADIR
00000205   PADIR_H
00000204   PADIR_L
00000208   PADS
00000209   PADS_H
00000208   PADS_L
0000021a   PAIE
00000218   PAIES
00000219   PAIES_H
00000218   PAIES_L
0000021b   PAIE_H
0000021a   PAIE_L
0000021c   PAIFG
0000021d   PAIFG_H
0000021c   PAIFG_L
00000200   PAIN
00000201   PAIN_H
00000200   PAIN_L
00000202   PAOUT
00000203   PAOUT_H
00000202   PAOUT_L
00000206   PAREN
00000207   PAREN_H
00000206   PAREN_L
0000020a   PASEL
0000020b   PASEL_H
0000020a   PASEL_L
00000224   PBDIR
00000225   PBDIR_H
00000224   PBDIR_L
00000228   PBDS
00000229   PBDS_H
00000228   PBDS_L
00000220   PBIN
00000221   PBIN_H
00000220   PBIN_L
00000222   PBOUT
00000223   PBOUT_H
00000222   PBOUT_L
00000226   PBREN
00000227   PBREN_H
00000226   PBREN_L
0000022a   PBSEL
0000022b   PBSEL_H
0000022a   PBSEL_L
00000244   PCDIR
00000245   PCDIR_H
00000244   PCDIR_L
00000248   PCDS
00000249   PCDS_H
00000248   PCDS_L
00000240   PCIN
00000241   PCIN_H
00000240   PCIN_L
00000242   PCOUT
00000243   PCOUT_H
00000242   PCOUT_L
00000246   PCREN
00000247   PCREN_H
00000246   PCREN_L
0000024a   PCSEL
0000024b   PCSEL_H
0000024a   PCSEL_L
00000324   PJDIR
00000325   PJDIR_H
00000324   PJDIR_L
00000328   PJDS
00000329   PJDS_H
00000328   PJDS_L
00000320   PJIN
00000321   PJIN_H
00000320   PJIN_L
00000322   PJOUT
00000323   PJOUT_H
00000322   PJOUT_L
00000326   PJREN
00000327   PJREN_H
00000326   PJREN_L
000001c2   PMAPCTL
000001c3   PMAPCTL_H
000001c2   PMAPCTL_L
000001c0   PMAPKEYID
000001c1   PMAPKEYID_H
000001c0   PMAPKEYID_L
00000120   PMMCTL0
00000121   PMMCTL0_H
00000120   PMMCTL0_L
00000122   PMMCTL1
00000123   PMMCTL1_H
00000122   PMMCTL1_L
0000012c   PMMIFG
0000012d   PMMIFG_H
0000012c   PMMIFG_L
0000012e   PMMRIE
0000012f   PMMRIE_H
0000012e   PMMRIE_L
00008ed2   PORT2_ISR
00000158   RCCTL0
00000159   RCCTL0_H
00000158   RCCTL0_L
000001b0   REFCTL0
000001b1   REFCTL0_H
000001b0   REFCTL0_L
000004e4   RES0
000004e5   RES0_H
000004e4   RES0_L
000004e6   RES1
000004e7   RES1_H
000004e6   RES1_L
000004e8   RES2
000004e9   RES2_H
000004e8   RES2_L
000004ea   RES3
000004eb   RES3_H
000004ea   RES3_L
000004cc   RESHI
000004cd   RESHI_H
000004cc   RESHI_L
000004ca   RESLO
000004cb   RESLO_H
000004ca   RESLO_L
00000f16   RF1ADINW
00000f17   RF1ADINW_H
00000f16   RF1ADINW_L
00000f28   RF1ADOUT0W
00000f29   RF1ADOUT0W_H
00000f28   RF1ADOUT0W_L
00000f2a   RF1ADOUT1W
00000f2b   RF1ADOUT1W_H
00000f2a   RF1ADOUT1W_L
00000f2c   RF1ADOUT2W
00000f2d   RF1ADOUT2W_H
00000f2c   RF1ADOUT2W_L
00000f36   RF1AIE
00000f34   RF1AIES
00000f35   RF1AIES_H
00000f34   RF1AIES_L
00000f37   RF1AIE_H
00000f36   RF1AIE_L
00000f00   RF1AIFCTL0
00000f01   RF1AIFCTL0_H
00000f00   RF1AIFCTL0_L
00000f02   RF1AIFCTL1
00000f03   RF1AIFCTL1_H
00000f02   RF1AIFCTL1_L
00000f04   RF1AIFCTL2
00000f05   RF1AIFCTL2_H
00000f04   RF1AIFCTL2_L
00000f06   RF1AIFERR
00000f0c   RF1AIFERRV
00000f0d   RF1AIFERRV_H
00000f0c   RF1AIFERRV_L
00000f07   RF1AIFERR_H
00000f06   RF1AIFERR_L
00000f32   RF1AIFG
00000f33   RF1AIFG_H
00000f32   RF1AIFG_L
00000f0e   RF1AIFIV
00000f0f   RF1AIFIV_H
00000f0e   RF1AIFIV_L
00000f30   RF1AIN
00000f12   RF1AINSTR1W
00000f13   RF1AINSTR1W_H
00000f12   RF1AINSTR1W_L
00000f14   RF1AINSTR2W
00000f15   RF1AINSTR2W_H
00000f14   RF1AINSTR2W_L
00000f10   RF1AINSTRW
00000f11   RF1AINSTRW_H
00000f10   RF1AINSTRW_L
00000f31   RF1AIN_H
00000f30   RF1AIN_L
00000f38   RF1AIV
00000f39   RF1AIV_H
00000f38   RF1AIV_L
00000f3c   RF1ARXFIFO
00000f3d   RF1ARXFIFO_H
00000f3c   RF1ARXFIFO_L
00000f20   RF1ASTAT0W
00000f21   RF1ASTAT0W_H
00000f20   RF1ASTAT0W_L
00000f22   RF1ASTAT1W
00000f23   RF1ASTAT1W_H
00000f22   RF1ASTAT1W_L
00000f24   RF1ASTAT2W
00000f25   RF1ASTAT2W_H
00000f24   RF1ASTAT2W_L
00000f3e   RF1ATXFIFO
00000f3f   RF1ATXFIFO_H
00000f3e   RF1ATXFIFO_L
000004ba   RTCADOWDAY
000004bb   RTCADOWDAY_H
000004ba   RTCADOWDAY_L
000004b8   RTCAMINHR
000004b9   RTCAMINHR_H
000004b8   RTCAMINHR_L
000004a0   RTCCTL01
000004a1   RTCCTL01_H
000004a0   RTCCTL01_L
000004a2   RTCCTL23
000004a3   RTCCTL23_H
000004a2   RTCCTL23_L
000004b4   RTCDATE
000004b5   RTCDATE_H
000004b4   RTCDATE_L
000004ae   RTCIV
000004ac   RTCPS
000004a8   RTCPS0CTL
000004a9   RTCPS0CTL_H
000004a8   RTCPS0CTL_L
000004aa   RTCPS1CTL
000004ab   RTCPS1CTL_H
000004aa   RTCPS1CTL_L
000004ad   RTCPS_H
000004ac   RTCPS_L
000004b0   RTCTIM0
000004b1   RTCTIM0_H
000004b0   RTCTIM0_L
000004b2   RTCTIM1
000004b3   RTCTIM1_H
000004b2   RTCTIM1_L
000004b6   RTCYEAR
000004b7   RTCYEAR_H
000004b6   RTCYEAR_L
0000d768   RandomValue_u8
00000100   SFRIE1
00000101   SFRIE1_H
00000100   SFRIE1_L
00000102   SFRIFG1
00000103   SFRIFG1_H
00000102   SFRIFG1_L
00000104   SFRRPCR
00000105   SFRRPCR_H
00000104   SFRRPCR_L
0000c712   SMPL_Init
00009cfc   SMPL_Ioctl
0000d418   SMPL_Link
0000c474   SMPL_Receive
0000a232   SMPL_SendOpt
000004ce   SUMEXT
000004cf   SUMEXT_H
000004ce   SUMEXT_L
00000124   SVSMHCTL
00000125   SVSMHCTL_H
00000124   SVSMHCTL_L
00000128   SVSMIO
00000129   SVSMIO_H
00000128   SVSMIO_L
00000126   SVSMLCTL
00000127   SVSMLCTL_H
00000126   SVSMLCTL_L
00000198   SYSBERRIV
00000199   SYSBERRIV_H
00000198   SYSBERRIV_L
00000182   SYSBSLC
00000183   SYSBSLC_H
00000182   SYSBSLC_L
00000180   SYSCTL
00000181   SYSCTL_H
00000180   SYSCTL_L
00000186   SYSJMBC
00000187   SYSJMBC_H
00000186   SYSJMBC_L
00000188   SYSJMBI0
00000189   SYSJMBI0_H
00000188   SYSJMBI0_L
0000018a   SYSJMBI1
0000018b   SYSJMBI1_H
0000018a   SYSJMBI1_L
0000018c   SYSJMBO0
0000018d   SYSJMBO0_H
0000018c   SYSJMBO0_L
0000018e   SYSJMBO1
0000018f   SYSJMBO1_H
0000018e   SYSJMBO1_L
0000019e   SYSRSTIV
0000019f   SYSRSTIV_H
0000019e   SYSRSTIV_L
0000019c   SYSSNIV
0000019d   SYSSNIV_H
0000019c   SYSSNIV_L
0000019a   SYSUNIV
0000019b   SYSUNIV_H
0000019a   SYSUNIV_L
0000ccc6   SetVCore
0000cb76   SetVCoreDown
0000c28a   SetVCoreUp
UNDEFED    Strobe
00000352   TA0CCR0
00000353   TA0CCR0_H
00000352   TA0CCR0_L
00000354   TA0CCR1
00000355   TA0CCR1_H
00000354   TA0CCR1_L
00000356   TA0CCR2
00000357   TA0CCR2_H
00000356   TA0CCR2_L
00000358   TA0CCR3
00000359   TA0CCR3_H
00000358   TA0CCR3_L
0000035a   TA0CCR4
0000035b   TA0CCR4_H
0000035a   TA0CCR4_L
00000342   TA0CCTL0
00000343   TA0CCTL0_H
00000342   TA0CCTL0_L
00000344   TA0CCTL1
00000345   TA0CCTL1_H
00000344   TA0CCTL1_L
00000346   TA0CCTL2
00000347   TA0CCTL2_H
00000346   TA0CCTL2_L
00000348   TA0CCTL3
00000349   TA0CCTL3_H
00000348   TA0CCTL3_L
0000034a   TA0CCTL4
0000034b   TA0CCTL4_H
0000034a   TA0CCTL4_L
00000340   TA0CTL
00000341   TA0CTL_H
00000340   TA0CTL_L
00000360   TA0EX0
00000361   TA0EX0_H
00000360   TA0EX0_L
0000036e   TA0IV
0000036f   TA0IV_H
0000036e   TA0IV_L
00000350   TA0R
00000351   TA0R_H
00000350   TA0R_L
00000392   TA1CCR0
00000393   TA1CCR0_H
00000392   TA1CCR0_L
00000394   TA1CCR1
00000395   TA1CCR1_H
00000394   TA1CCR1_L
00000396   TA1CCR2
00000397   TA1CCR2_H
00000396   TA1CCR2_L
00000382   TA1CCTL0
00000383   TA1CCTL0_H
00000382   TA1CCTL0_L
00000384   TA1CCTL1
00000385   TA1CCTL1_H
00000384   TA1CCTL1_L
00000386   TA1CCTL2
00000387   TA1CCTL2_H
00000386   TA1CCTL2_L
00000380   TA1CTL
00000381   TA1CTL_H
00000380   TA1CTL_L
000003a0   TA1EX0
000003a1   TA1EX0_H
000003a0   TA1EX0_L
000003ae   TA1IV
000003af   TA1IV_H
000003ae   TA1IV_L
00000390   TA1R
00000391   TA1R_H
00000390   TA1R_L
00008b1e   TIMER0_A0_ISR
0000b754   TIMER0_A1_5_ISR
0000d028   Timer0_A3_Start
0000d3ce   Timer0_A3_Stop
0000c122   Timer0_A4_Delay
0000d126   Timer0_Init
0000d3d6   Timer0_Start
0000d2fe   Timer0_Stop
000005d0   UCA0ABCTL
000005c6   UCA0BRW
000005c7   UCA0BRW_H
000005c6   UCA0BRW_L
000005c0   UCA0CTLW0
000005c1   UCA0CTLW0_H
000005c0   UCA0CTLW0_L
000005dc   UCA0ICTL
000005dd   UCA0ICTL_H
000005dc   UCA0ICTL_L
000005d2   UCA0IRCTL
000005d3   UCA0IRCTL_H
000005d2   UCA0IRCTL_L
000005de   UCA0IV
000005c8   UCA0MCTL
000005cc   UCA0RXBUF
000005ca   UCA0STAT
000005ce   UCA0TXBUF
000005e6   UCB0BRW
000005e7   UCB0BRW_H
000005e6   UCB0BRW_L
000005e0   UCB0CTLW0
000005e1   UCB0CTLW0_H
000005e0   UCB0CTLW0_L
000005f0   UCB0I2COA
000005f1   UCB0I2COA_H
000005f0   UCB0I2COA_L
000005f2   UCB0I2CSA
000005f3   UCB0I2CSA_H
000005f2   UCB0I2CSA_L
000005fc   UCB0ICTL
000005fd   UCB0ICTL_H
000005fc   UCB0ICTL_L
000005fe   UCB0IV
000005ec   UCB0RXBUF
000005ea   UCB0STAT
000005ee   UCB0TXBUF
00000160   UCSCTL0
00000161   UCSCTL0_H
00000160   UCSCTL0_L
00000162   UCSCTL1
00000163   UCSCTL1_H
00000162   UCSCTL1_L
00000164   UCSCTL2
00000165   UCSCTL2_H
00000164   UCSCTL2_L
00000166   UCSCTL3
00000167   UCSCTL3_H
00000166   UCSCTL3_L
00000168   UCSCTL4
00000169   UCSCTL4_H
00000168   UCSCTL4_L
0000016a   UCSCTL5
0000016b   UCSCTL5_H
0000016a   UCSCTL5_L
0000016c   UCSCTL6
0000016d   UCSCTL6_H
0000016c   UCSCTL6_L
0000016e   UCSCTL7
0000016f   UCSCTL7_H
0000016e   UCSCTL7_L
00000170   UCSCTL8
00000171   UCSCTL8_H
00000170   UCSCTL8_L
0000015c   WDTCTL
0000015d   WDTCTL_H
0000015c   WDTCTL_L
UNDEFED    WriteSingleReg
00002bfc   __STACK_END
00000050   __STACK_SIZE
00000001   __TI_args_main
00000001   __TI_auto_init
00000001   __TI_exit
ffffffff   __binit__
00001c00   __bss__
ffffffff   __c_args__
0000d9a6   __cinit__
0000ca52   __divi
0000c4b8   __divli
0000d0e4   __divu
0000be02   __divul
00001e81   __end__
0000d43a   __etext__
00009744   __fs_add
0000acfa   __fs_mpy
0000973e   __fs_sub
0000c35c   __fs_tou
0000c0d6   __fs_toul
0000c8aa   __fs_ultof
0000cd32   __fs_utof
0000d0fa   __mpyi_f5hw
0000cdde   __mpyl_f5hw
ffffffff   __pinit__
0000ca52   __remi
0000c4b8   __remli
0000d0e4   __remu
0000be02   __remul
00008000   __text__
0000c2d0   _auto_init
0000cad2   _c_int00
0000cad2   _c_int00_noexit
00001e50   _cleanup_ptr
00001e54   _dtors_ptr
00001e48   _lock
0000d430   _nop
0000fffe   _reset_vector
00002bac   _stack
0000d41c   _system_pre_init
00001e4c   _unlock
0000d420   abort
UNDEFED    adc12_single_conversion
0000c03e   add_day
0000c9fa   as_get_data
0000c9cc   as_init
00001e71   as_ok
0000b912   as_read_register
0000b4f4   as_start
0000c846   as_stop
0000b97e   as_write_register
0000b6e0   battery_measurement
ffffffff   binit
00001e64   brrx_packet_end_cap_value
00001d10   burst_end
00001d0c   burst_mode
00001d12   burst_packet
00001d24   burst_packet_index
00001d0e   burst_start
00001e40   button
0000c08a   button_repeat_function
0000d380   button_repeat_off
0000cd78   button_repeat_on
0000cf36   check_alarm
0000d9a6   cinit
0000d3f4   clear_blink_mem
0000d30a   clear_display
0000cf52   clear_display_all
0000bb1e   clear_line
0000bc3c   clock_tick
UNDEFED    close_radio
UNDEFED    conv_pa_to_meter
0000c16c   convert_acceleration_value_to_mgrav
0000d040   convert_hour_to_12H_format
00001df6   display
00009200   display_acceleration
0000a4f6   display_alarm
0000999c   display_altitude
0000ce20   display_am_pm_symbol
0000bbde   display_battery_V
UNDEFED    display_caldist
0000b7c6   display_char
0000a40e   display_chars
0000a5d2   display_date
UNDEFED    display_heartrate
0000baba   display_hours1
0000d13a   display_ppt
0000d14e   display_rf
0000d162   display_rfbsl
0000d0ce   display_selection_Timeformat1
UNDEFED    display_speed
0000986e   display_stopwatch
0000cedc   display_symbol
0000d176   display_sync
UNDEFED    display_temperature
0000906a   display_time
0000935c   display_update
0000cd9a   display_value1
0000d28a   do_acceleration_measurement
0000b064   do_altitude_measurement
0000d432   dummy
00001e81   end
0000d43a   etext
00001e58   fptr_Timer0_A3_function
00001da4   fptr_lcd_function_line1
00001da8   fptr_lcd_function_line2
UNDEFED    get_bluerobin_data
0000b472   get_numberOfDays
0000d2ba   idle_loop
0000d058   inc_stopwatch
0000a9ee   init_application
0000cb9c   init_buttons
0000ba52   init_global_variables
UNDEFED    init_pressure_table
0000d1d8   is_acceleration_measurement
0000d1ea   is_altitude_measurement
UNDEFED    is_bluerobin
UNDEFED    is_bluerobin_searching
0000d2c8   is_hour_am
0000d316   is_rf
0000d18a   is_stopwatch
UNDEFED    is_temp_measurement
0000aab8   itoa
0000d43a   itoa_conversion_table
00001df8   itoa_str
0000d8a8   lcd_font
0000cafc   lcd_init
0000c5b4   main
0000ccea   memcmp
0000d1fc   memcpy
0000ce40   memmove
0000d19e   memset
0000d6c6   menu_L1_Acceleration
0000d66c   menu_L1_Alarm
0000d690   menu_L1_Altitude
0000d6a2   menu_L1_Heartrate
0000d6b4   menu_L1_Speed
0000d67e   menu_L1_Temperature
0000d65a   menu_L1_Time
0000d6fc   menu_L2_Battery
0000d744   menu_L2_CalDist
0000d6d8   menu_L2_Date
0000d720   menu_L2_Ppt
0000d756   menu_L2_RFBSL
0000d70e   menu_L2_Rf
0000d6ea   menu_L2_Stopwatch
0000d732   menu_L2_Sync
00001da0   message
00001d62   method
0000d948   mgrav_per_bit
0000d998   mrfiBroadcastAddr
0000d868   mrfiRadioCfg
0000b2d2   mrfiRadioInterfaceCmdStrobe
0000c316   mrfiRadioInterfaceReadReg
0000c77a   mrfiRadioInterfaceWriteReg
0000c7ae   mrfiRadioInterfaceWriteTxFifo
0000a036   mx_alarm
00009e1a   mx_altitude
UNDEFED    mx_bluerobin
UNDEFED    mx_caldist
00008920   mx_date
0000c5f2   mx_stopwatch
UNDEFED    mx_temperature
0000870e   mx_time
0000d424   nwk_NVObj
0000cf6e   nwk_QInit
0000ca26   nwk_QadjustOrder
0000a320   nwk_QfindOldest
0000b66a   nwk_QfindSlot
0000a77e   nwk_allocateLocalRxPort
0000cdbc   nwk_buildAckReqFrame
0000b362   nwk_buildFrame
0000cbc2   nwk_checkConnInfo
0000ce60   nwk_connectionControl
0000c878   nwk_deviceAddress
0000cefa   nwk_frameInit
0000d3fa   nwk_freeConnection
0000d434   nwk_freqInit
0000d400   nwk_getBCastAddress
0000cb4e   nwk_getConnInfo
0000d406   nwk_getFWVersion
0000d20e   nwk_getJoinToken
0000d220   nwk_getLinkToken
0000d232   nwk_getMyAddress
0000d428   nwk_getMyRxType
0000b5f0   nwk_getNextConnection
0000d42c   nwk_getProtocolVersion
0000cbe8   nwk_globalsInit
0000a13a   nwk_join
0000cc0e   nwk_joinInit
000094b4   nwk_link
0000c90e   nwk_linkInit
0000d38a   nwk_mgmtInit
0000b23e   nwk_nwkInit
0000d394   nwk_pingInit
0000c6a8   nwk_putNumObjectIntoMsg
0000b1a2   nwk_radioControl
0000c93e   nwk_rawReceive
0000bf52   nwk_rawSend
0000afc2   nwk_retrieveFrame
0000d436   nwk_securityInit
0000c96e   nwk_sendFrame
0000d322   nwk_setAPAddress
0000d244   nwk_setJoinToken
0000d256   nwk_setLinkToken
0000cf18   nwk_setMyAddress
UNDEFED    open_radio
ffffffff   pinit
0000c1b6   process_requests
UNDEFED    ps_get_pa
UNDEFED    ps_get_temp
UNDEFED    ps_init
UNDEFED    ps_ok
UNDEFED    ps_start
UNDEFED    ps_stop
00001e7a   ptrMenu_L1
00001e7c   ptrMenu_L2
UNDEFED    radio_powerdown
UNDEFED    radio_reset
0000ab80   read_calibration_values
00001d9e   request
0000d2d6   reset_acceleration
0000d070   reset_alarm
0000bdaa   reset_altitude_measurement
0000d268   reset_batt_measurement
UNDEFED    reset_bluerobin
0000d39e   reset_buzzer
0000cd0e   reset_clock
0000d1b2   reset_date
0000d3a8   reset_rf
0000ce80   reset_stopwatch
UNDEFED    reset_temp_measurement
00001da2   rf_frequoffset
00001dec   sAccel
00001e76   sAlarm
00001dac   sAlt
00001e30   sBatt
00001e42   sButton
00001e38   sBuzzer
00001e66   sDate
00001e27   sInit_done
00001ce0   sRFsmpl
00001dc8   sStopwatch
UNDEFED    sTemp
00001dba   sTime
00001e5c   sTimer
0000d8d4   segments_bitmask
00001c8c   segments_lcdmem
0000d97e   selection_Timeformat
0000d2e4   set_blink_rate
000084e8   set_value
00001ce6   simpliciti_data
00001d06   simpliciti_ed_address
00001ce4   simpliciti_flag
0000af1c   simpliciti_get_ed_data_callback
0000adb0   simpliciti_link
0000ae66   simpliciti_main_sync
0000c3a2   simpliciti_main_tx_only
00001d0a   simpliciti_payload_length
00001d0b   simpliciti_reply_count
00009608   simpliciti_sync_decode_ap_cmd_callback
0000a6a8   simpliciti_sync_get_data_callback
0000c4f8   start_altitude_measurement
0000d40c   start_blink
0000c3e8   start_buzzer
0000b104   start_simpliciti_sync
0000a922   start_simpliciti_tx_only
0000d3de   stop_alarm
0000cf8a   stop_altitude_measurement
0000d412   stop_blink
UNDEFED    stop_bluerobin
0000cc34   stop_buzzer
0000cff6   stop_stopwatch
0000a852   stopwatch_tick
0000d32e   switch_seg
0000cfa6   sx_acceleration
0000c8dc   sx_alarm
0000d438   sx_altitude
UNDEFED    sx_bluerobin
UNDEFED    sx_caldist
0000d29a   sx_date
0000d088   sx_ppt
0000d0a0   sx_rf
0000c66c   sx_rfbsl
0000bc98   sx_stopwatch
0000d110   sx_sync
0000d2aa   sx_time
00001d9c   sys
UNDEFED    temperature_measurement
0000827c   test_mode
0000d3e6   to_lpm
0000bcf4   toggle_buzzer
0000d33a   update_acceleration
0000d346   update_alarm
0000d352   update_battery_voltage
0000d3b2   update_date
UNDEFED    update_pressure_table
0000d35e   update_stopwatch
0000c42e   update_stopwatch_timer
0000d36a   update_temperature
0000d3bc   update_time
00009f30   wakeup_event
0000bb7e   write_lcd_mem


GLOBAL SYMBOLS: SORTED BY Symbol Address 

address    name
--------   ----
00000001   __TI_args_main
00000001   __TI_auto_init
00000001   __TI_exit
00000050   __STACK_SIZE
00000100   SFRIE1
00000100   SFRIE1_L
00000101   SFRIE1_H
00000102   SFRIFG1
00000102   SFRIFG1_L
00000103   SFRIFG1_H
00000104   SFRRPCR
00000104   SFRRPCR_L
00000105   SFRRPCR_H
00000120   PMMCTL0
00000120   PMMCTL0_L
00000121   PMMCTL0_H
00000122   PMMCTL1
00000122   PMMCTL1_L
00000123   PMMCTL1_H
00000124   SVSMHCTL
00000124   SVSMHCTL_L
00000125   SVSMHCTL_H
00000126   SVSMLCTL
00000126   SVSMLCTL_L
00000127   SVSMLCTL_H
00000128   SVSMIO
00000128   SVSMIO_L
00000129   SVSMIO_H
0000012c   PMMIFG
0000012c   PMMIFG_L
0000012d   PMMIFG_H
0000012e   PMMRIE
0000012e   PMMRIE_L
0000012f   PMMRIE_H
00000140   FCTL1
00000140   FCTL1_L
00000141   FCTL1_H
00000144   FCTL3
00000144   FCTL3_L
00000145   FCTL3_H
00000146   FCTL4
00000146   FCTL4_L
00000147   FCTL4_H
00000150   CRCDI
00000150   CRCDI_L
00000151   CRCDI_H
00000152   CRCDIRB
00000152   CRCDIRB_L
00000153   CRCDIRB_H
00000154   CRCINIRES
00000154   CRCINIRES_L
00000155   CRCINIRES_H
00000156   CRCRESR
00000156   CRCRESR_L
00000157   CRCRESR_H
00000158   RCCTL0
00000158   RCCTL0_L
00000159   RCCTL0_H
0000015c   WDTCTL
0000015c   WDTCTL_L
0000015d   WDTCTL_H
00000160   UCSCTL0
00000160   UCSCTL0_L
00000161   UCSCTL0_H
00000162   UCSCTL1
00000162   UCSCTL1_L
00000163   UCSCTL1_H
00000164   UCSCTL2
00000164   UCSCTL2_L
00000165   UCSCTL2_H
00000166   UCSCTL3
00000166   UCSCTL3_L
00000167   UCSCTL3_H
00000168   UCSCTL4
00000168   UCSCTL4_L
00000169   UCSCTL4_H
0000016a   UCSCTL5
0000016a   UCSCTL5_L
0000016b   UCSCTL5_H
0000016c   UCSCTL6
0000016c   UCSCTL6_L
0000016d   UCSCTL6_H
0000016e   UCSCTL7
0000016e   UCSCTL7_L
0000016f   UCSCTL7_H
00000170   UCSCTL8
00000170   UCSCTL8_L
00000171   UCSCTL8_H
00000180   SYSCTL
00000180   SYSCTL_L
00000181   SYSCTL_H
00000182   SYSBSLC
00000182   SYSBSLC_L
00000183   SYSBSLC_H
00000186   SYSJMBC
00000186   SYSJMBC_L
00000187   SYSJMBC_H
00000188   SYSJMBI0
00000188   SYSJMBI0_L
00000189   SYSJMBI0_H
0000018a   SYSJMBI1
0000018a   SYSJMBI1_L
0000018b   SYSJMBI1_H
0000018c   SYSJMBO0
0000018c   SYSJMBO0_L
0000018d   SYSJMBO0_H
0000018e   SYSJMBO1
0000018e   SYSJMBO1_L
0000018f   SYSJMBO1_H
00000198   SYSBERRIV
00000198   SYSBERRIV_L
00000199   SYSBERRIV_H
0000019a   SYSUNIV
0000019a   SYSUNIV_L
0000019b   SYSUNIV_H
0000019c   SYSSNIV
0000019c   SYSSNIV_L
0000019d   SYSSNIV_H
0000019e   SYSRSTIV
0000019e   SYSRSTIV_L
0000019f   SYSRSTIV_H
000001b0   REFCTL0
000001b0   REFCTL0_L
000001b1   REFCTL0_H
000001c0   PMAPKEYID
000001c0   PMAPKEYID_L
000001c1   PMAPKEYID_H
000001c2   PMAPCTL
000001c2   PMAPCTL_L
000001c3   PMAPCTL_H
000001c8   P1MAP01
000001c8   P1MAP01_L
000001c9   P1MAP01_H
000001ca   P1MAP23
000001ca   P1MAP23_L
000001cb   P1MAP23_H
000001cc   P1MAP45
000001cc   P1MAP45_L
000001cd   P1MAP45_H
000001ce   P1MAP67
000001ce   P1MAP67_L
000001cf   P1MAP67_H
000001d0   P2MAP01
000001d0   P2MAP01_L
000001d1   P2MAP01_H
000001d2   P2MAP23
000001d2   P2MAP23_L
000001d3   P2MAP23_H
000001d4   P2MAP45
000001d4   P2MAP45_L
000001d5   P2MAP45_H
000001d6   P2MAP67
000001d6   P2MAP67_L
000001d7   P2MAP67_H
000001d8   P3MAP01
000001d8   P3MAP01_L
000001d9   P3MAP01_H
000001da   P3MAP23
000001da   P3MAP23_L
000001db   P3MAP23_H
000001dc   P3MAP45
000001dc   P3MAP45_L
000001dd   P3MAP45_H
000001de   P3MAP67
000001de   P3MAP67_L
000001df   P3MAP67_H
00000200   PAIN
00000200   PAIN_L
00000201   PAIN_H
00000202   PAOUT
00000202   PAOUT_L
00000203   PAOUT_H
00000204   PADIR
00000204   PADIR_L
00000205   PADIR_H
00000206   PAREN
00000206   PAREN_L
00000207   PAREN_H
00000208   PADS
00000208   PADS_L
00000209   PADS_H
0000020a   PASEL
0000020a   PASEL_L
0000020b   PASEL_H
0000020e   P1IV
00000218   PAIES
00000218   PAIES_L
00000219   PAIES_H
0000021a   PAIE
0000021a   PAIE_L
0000021b   PAIE_H
0000021c   PAIFG
0000021c   PAIFG_L
0000021d   PAIFG_H
0000021e   P2IV
00000220   PBIN
00000220   PBIN_L
00000221   PBIN_H
00000222   PBOUT
00000222   PBOUT_L
00000223   PBOUT_H
00000224   PBDIR
00000224   PBDIR_L
00000225   PBDIR_H
00000226   PBREN
00000226   PBREN_L
00000227   PBREN_H
00000228   PBDS
00000228   PBDS_L
00000229   PBDS_H
0000022a   PBSEL
0000022a   PBSEL_L
0000022b   PBSEL_H
00000240   PCIN
00000240   PCIN_L
00000241   PCIN_H
00000242   PCOUT
00000242   PCOUT_L
00000243   PCOUT_H
00000244   PCDIR
00000244   PCDIR_L
00000245   PCDIR_H
00000246   PCREN
00000246   PCREN_L
00000247   PCREN_H
00000248   PCDS
00000248   PCDS_L
00000249   PCDS_H
0000024a   PCSEL
0000024a   PCSEL_L
0000024b   PCSEL_H
00000320   PJIN
00000320   PJIN_L
00000321   PJIN_H
00000322   PJOUT
00000322   PJOUT_L
00000323   PJOUT_H
00000324   PJDIR
00000324   PJDIR_L
00000325   PJDIR_H
00000326   PJREN
00000326   PJREN_L
00000327   PJREN_H
00000328   PJDS
00000328   PJDS_L
00000329   PJDS_H
00000340   TA0CTL
00000340   TA0CTL_L
00000341   TA0CTL_H
00000342   TA0CCTL0
00000342   TA0CCTL0_L
00000343   TA0CCTL0_H
00000344   TA0CCTL1
00000344   TA0CCTL1_L
00000345   TA0CCTL1_H
00000346   TA0CCTL2
00000346   TA0CCTL2_L
00000347   TA0CCTL2_H
00000348   TA0CCTL3
00000348   TA0CCTL3_L
00000349   TA0CCTL3_H
0000034a   TA0CCTL4
0000034a   TA0CCTL4_L
0000034b   TA0CCTL4_H
00000350   TA0R
00000350   TA0R_L
00000351   TA0R_H
00000352   TA0CCR0
00000352   TA0CCR0_L
00000353   TA0CCR0_H
00000354   TA0CCR1
00000354   TA0CCR1_L
00000355   TA0CCR1_H
00000356   TA0CCR2
00000356   TA0CCR2_L
00000357   TA0CCR2_H
00000358   TA0CCR3
00000358   TA0CCR3_L
00000359   TA0CCR3_H
0000035a   TA0CCR4
0000035a   TA0CCR4_L
0000035b   TA0CCR4_H
00000360   TA0EX0
00000360   TA0EX0_L
00000361   TA0EX0_H
0000036e   TA0IV
0000036e   TA0IV_L
0000036f   TA0IV_H
00000380   TA1CTL
00000380   TA1CTL_L
00000381   TA1CTL_H
00000382   TA1CCTL0
00000382   TA1CCTL0_L
00000383   TA1CCTL0_H
00000384   TA1CCTL1
00000384   TA1CCTL1_L
00000385   TA1CCTL1_H
00000386   TA1CCTL2
00000386   TA1CCTL2_L
00000387   TA1CCTL2_H
00000390   TA1R
00000390   TA1R_L
00000391   TA1R_H
00000392   TA1CCR0
00000392   TA1CCR0_L
00000393   TA1CCR0_H
00000394   TA1CCR1
00000394   TA1CCR1_L
00000395   TA1CCR1_H
00000396   TA1CCR2
00000396   TA1CCR2_L
00000397   TA1CCR2_H
000003a0   TA1EX0
000003a0   TA1EX0_L
000003a1   TA1EX0_H
000003ae   TA1IV
000003ae   TA1IV_L
000003af   TA1IV_H
000004a0   RTCCTL01
000004a0   RTCCTL01_L
000004a1   RTCCTL01_H
000004a2   RTCCTL23
000004a2   RTCCTL23_L
000004a3   RTCCTL23_H
000004a8   RTCPS0CTL
000004a8   RTCPS0CTL_L
000004a9   RTCPS0CTL_H
000004aa   RTCPS1CTL
000004aa   RTCPS1CTL_L
000004ab   RTCPS1CTL_H
000004ac   RTCPS
000004ac   RTCPS_L
000004ad   RTCPS_H
000004ae   RTCIV
000004b0   RTCTIM0
000004b0   RTCTIM0_L
000004b1   RTCTIM0_H
000004b2   RTCTIM1
000004b2   RTCTIM1_L
000004b3   RTCTIM1_H
000004b4   RTCDATE
000004b4   RTCDATE_L
000004b5   RTCDATE_H
000004b6   RTCYEAR
000004b6   RTCYEAR_L
000004b7   RTCYEAR_H
000004b8   RTCAMINHR
000004b8   RTCAMINHR_L
000004b9   RTCAMINHR_H
000004ba   RTCADOWDAY
000004ba   RTCADOWDAY_L
000004bb   RTCADOWDAY_H
000004c0   MPY
000004c0   MPY_L
000004c1   MPY_H
000004c2   MPYS
000004c2   MPYS_L
000004c3   MPYS_H
000004c4   MAC
000004c4   MAC_L
000004c5   MAC_H
000004c6   MACS
000004c6   MACS_L
000004c7   MACS_H
000004c8   OP2
000004c8   OP2_L
000004c9   OP2_H
000004ca   RESLO
000004ca   RESLO_L
000004cb   RESLO_H
000004cc   RESHI
000004cc   RESHI_L
000004cd   RESHI_H
000004ce   SUMEXT
000004ce   SUMEXT_L
000004cf   SUMEXT_H
000004d0   MPY32L
000004d0   MPY32L_L
000004d1   MPY32L_H
000004d2   MPY32H
000004d2   MPY32H_L
000004d3   MPY32H_H
000004d4   MPYS32L
000004d4   MPYS32L_L
000004d5   MPYS32L_H
000004d6   MPYS32H
000004d6   MPYS32H_L
000004d7   MPYS32H_H
000004d8   MAC32L
000004d8   MAC32L_L
000004d9   MAC32L_H
000004da   MAC32H
000004da   MAC32H_L
000004db   MAC32H_H
000004dc   MACS32L
000004dc   MACS32L_L
000004dd   MACS32L_H
000004de   MACS32H
000004de   MACS32H_L
000004df   MACS32H_H
000004e0   OP2L
000004e0   OP2L_L
000004e1   OP2L_H
000004e2   OP2H
000004e2   OP2H_L
000004e3   OP2H_H
000004e4   RES0
000004e4   RES0_L
000004e5   RES0_H
000004e6   RES1
000004e6   RES1_L
000004e7   RES1_H
000004e8   RES2
000004e8   RES2_L
000004e9   RES2_H
000004ea   RES3
000004ea   RES3_L
000004eb   RES3_H
000004ec   MPY32CTL0
000004ec   MPY32CTL0_L
000004ed   MPY32CTL0_H
00000500   DMACTL0
00000500   DMACTL0_L
00000501   DMACTL0_H
00000502   DMACTL1
00000502   DMACTL1_L
00000503   DMACTL1_H
00000504   DMACTL2
00000504   DMACTL2_L
00000505   DMACTL2_H
00000506   DMACTL3
00000506   DMACTL3_L
00000507   DMACTL3_H
00000508   DMACTL4
00000508   DMACTL4_L
00000509   DMACTL4_H
0000050e   DMAIV
0000050e   DMAIV_L
0000050f   DMAIV_H
00000510   DMA0CTL
00000510   DMA0CTL_L
00000511   DMA0CTL_H
00000512   DMA0SA
00000512   DMA0SAL
00000516   DMA0DA
00000516   DMA0DAL
0000051a   DMA0SZ
00000520   DMA1CTL
00000520   DMA1CTL_L
00000521   DMA1CTL_H
00000522   DMA1SA
00000522   DMA1SAL
00000526   DMA1DA
00000526   DMA1DAL
0000052a   DMA1SZ
00000530   DMA2CTL
00000530   DMA2CTL_L
00000531   DMA2CTL_H
00000532   DMA2SA
00000532   DMA2SAL
00000536   DMA2DA
00000536   DMA2DAL
0000053a   DMA2SZ
000005c0   UCA0CTLW0
000005c0   UCA0CTLW0_L
000005c1   UCA0CTLW0_H
000005c6   UCA0BRW
000005c6   UCA0BRW_L
000005c7   UCA0BRW_H
000005c8   UCA0MCTL
000005ca   UCA0STAT
000005cc   UCA0RXBUF
000005ce   UCA0TXBUF
000005d0   UCA0ABCTL
000005d2   UCA0IRCTL
000005d2   UCA0IRCTL_L
000005d3   UCA0IRCTL_H
000005dc   UCA0ICTL
000005dc   UCA0ICTL_L
000005dd   UCA0ICTL_H
000005de   UCA0IV
000005e0   UCB0CTLW0
000005e0   UCB0CTLW0_L
000005e1   UCB0CTLW0_H
000005e6   UCB0BRW
000005e6   UCB0BRW_L
000005e7   UCB0BRW_H
000005ea   UCB0STAT
000005ec   UCB0RXBUF
000005ee   UCB0TXBUF
000005f0   UCB0I2COA
000005f0   UCB0I2COA_L
000005f1   UCB0I2COA_H
000005f2   UCB0I2CSA
000005f2   UCB0I2CSA_L
000005f3   UCB0I2CSA_H
000005fc   UCB0ICTL
000005fc   UCB0ICTL_L
000005fd   UCB0ICTL_H
000005fe   UCB0IV
00000700   ADC12CTL0
00000700   ADC12CTL0_L
00000701   ADC12CTL0_H
00000702   ADC12CTL1
00000702   ADC12CTL1_L
00000703   ADC12CTL1_H
00000704   ADC12CTL2
00000704   ADC12CTL2_L
00000705   ADC12CTL2_H
0000070a   ADC12IFG
0000070a   ADC12IFG_L
0000070b   ADC12IFG_H
0000070c   ADC12IE
0000070c   ADC12IE_L
0000070d   ADC12IE_H
0000070e   ADC12IV
0000070e   ADC12IV_L
0000070f   ADC12IV_H
00000710   ADC12MCTL0
00000711   ADC12MCTL1
00000712   ADC12MCTL2
00000713   ADC12MCTL3
00000714   ADC12MCTL4
00000715   ADC12MCTL5
00000716   ADC12MCTL6
00000717   ADC12MCTL7
00000718   ADC12MCTL8
00000719   ADC12MCTL9
0000071a   ADC12MCTL10
0000071b   ADC12MCTL11
0000071c   ADC12MCTL12
0000071d   ADC12MCTL13
0000071e   ADC12MCTL14
0000071f   ADC12MCTL15
00000720   ADC12MEM0
00000720   ADC12MEM0_L
00000721   ADC12MEM0_H
00000722   ADC12MEM1
00000722   ADC12MEM1_L
00000723   ADC12MEM1_H
00000724   ADC12MEM2
00000724   ADC12MEM2_L
00000725   ADC12MEM2_H
00000726   ADC12MEM3
00000726   ADC12MEM3_L
00000727   ADC12MEM3_H
00000728   ADC12MEM4
00000728   ADC12MEM4_L
00000729   ADC12MEM4_H
0000072a   ADC12MEM5
0000072a   ADC12MEM5_L
0000072b   ADC12MEM5_H
0000072c   ADC12MEM6
0000072c   ADC12MEM6_L
0000072d   ADC12MEM6_H
0000072e   ADC12MEM7
0000072e   ADC12MEM7_L
0000072f   ADC12MEM7_H
00000730   ADC12MEM8
00000730   ADC12MEM8_L
00000731   ADC12MEM8_H
00000732   ADC12MEM9
00000732   ADC12MEM9_L
00000733   ADC12MEM9_H
00000734   ADC12MEM10
00000734   ADC12MEM10_L
00000735   ADC12MEM10_H
00000736   ADC12MEM11
00000736   ADC12MEM11_L
00000737   ADC12MEM11_H
00000738   ADC12MEM12
00000738   ADC12MEM12_L
00000739   ADC12MEM12_H
0000073a   ADC12MEM13
0000073a   ADC12MEM13_L
0000073b   ADC12MEM13_H
0000073c   ADC12MEM14
0000073c   ADC12MEM14_L
0000073d   ADC12MEM14_H
0000073e   ADC12MEM15
0000073e   ADC12MEM15_L
0000073f   ADC12MEM15_H
000008c0   CBCTL0
000008c0   CBCTL0_L
000008c1   CBCTL0_H
000008c2   CBCTL1
000008c2   CBCTL1_L
000008c3   CBCTL1_H
000008c4   CBCTL2
000008c4   CBCTL2_L
000008c5   CBCTL2_H
000008c6   CBCTL3
000008c6   CBCTL3_L
000008c7   CBCTL3_H
000008cc   CBINT
000008cc   CBINT_L
000008cd   CBINT_H
000008ce   CBIV
000009c0   AESACTL0
000009c0   AESACTL0_L
000009c1   AESACTL0_H
000009c4   AESASTAT
000009c4   AESASTAT_L
000009c5   AESASTAT_H
000009c6   AESAKEY
000009c6   AESAKEY_L
000009c7   AESAKEY_H
000009c8   AESADIN
000009c8   AESADIN_L
000009c9   AESADIN_H
000009ca   AESADOUT
000009ca   AESADOUT_L
000009cb   AESADOUT_H
00000a00   LCDBCTL0
00000a00   LCDBCTL0_L
00000a01   LCDBCTL0_H
00000a02   LCDBCTL1
00000a02   LCDBCTL1_L
00000a03   LCDBCTL1_H
00000a04   LCDBBLKCTL
00000a04   LCDBBLKCTL_L
00000a05   LCDBBLKCTL_H
00000a06   LCDBMEMCTL
00000a06   LCDBMEMCTL_L
00000a07   LCDBMEMCTL_H
00000a08   LCDBVCTL
00000a08   LCDBVCTL_L
00000a09   LCDBVCTL_H
00000a0a   LCDBPCTL0
00000a0a   LCDBPCTL0_L
00000a0b   LCDBPCTL0_H
00000a0c   LCDBPCTL1
00000a0c   LCDBPCTL1_L
00000a0d   LCDBPCTL1_H
00000a0e   LCDBPCTL2
00000a0e   LCDBPCTL2_L
00000a0f   LCDBPCTL2_H
00000a10   LCDBPCTL3
00000a10   LCDBPCTL3_L
00000a11   LCDBPCTL3_H
00000a12   LCDBCPCTL
00000a12   LCDBCPCTL_L
00000a13   LCDBCPCTL_H
00000a1e   LCDBIV
00000a20   LCDM1
00000a21   LCDM2
00000a22   LCDM3
00000a23   LCDM4
00000a24   LCDM5
00000a25   LCDM6
00000a26   LCDM7
00000a27   LCDM8
00000a28   LCDM9
00000a29   LCDM10
00000a2a   LCDM11
00000a2b   LCDM12
00000a2c   LCDM13
00000a2d   LCDM14
00000a2e   LCDM15
00000a2f   LCDM16
00000a30   LCDM17
00000a31   LCDM18
00000a32   LCDM19
00000a33   LCDM20
00000a34   LCDM21
00000a35   LCDM22
00000a36   LCDM23
00000a37   LCDM24
00000a40   LCDBM1
00000a41   LCDBM2
00000a42   LCDBM3
00000a43   LCDBM4
00000a44   LCDBM5
00000a45   LCDBM6
00000a46   LCDBM7
00000a47   LCDBM8
00000a48   LCDBM9
00000a49   LCDBM10
00000a4a   LCDBM11
00000a4b   LCDBM12
00000a4c   LCDBM13
00000a4d   LCDBM14
00000a4e   LCDBM15
00000a4f   LCDBM16
00000a50   LCDBM17
00000a51   LCDBM18
00000a52   LCDBM19
00000a53   LCDBM20
00000a54   LCDBM21
00000a55   LCDBM22
00000a56   LCDBM23
00000a57   LCDBM24
00000f00   RF1AIFCTL0
00000f00   RF1AIFCTL0_L
00000f01   RF1AIFCTL0_H
00000f02   RF1AIFCTL1
00000f02   RF1AIFCTL1_L
00000f03   RF1AIFCTL1_H
00000f04   RF1AIFCTL2
00000f04   RF1AIFCTL2_L
00000f05   RF1AIFCTL2_H
00000f06   RF1AIFERR
00000f06   RF1AIFERR_L
00000f07   RF1AIFERR_H
00000f0c   RF1AIFERRV
00000f0c   RF1AIFERRV_L
00000f0d   RF1AIFERRV_H
00000f0e   RF1AIFIV
00000f0e   RF1AIFIV_L
00000f0f   RF1AIFIV_H
00000f10   RF1AINSTRW
00000f10   RF1AINSTRW_L
00000f11   RF1AINSTRW_H
00000f12   RF1AINSTR1W
00000f12   RF1AINSTR1W_L
00000f13   RF1AINSTR1W_H
00000f14   RF1AINSTR2W
00000f14   RF1AINSTR2W_L
00000f15   RF1AINSTR2W_H
00000f16   RF1ADINW
00000f16   RF1ADINW_L
00000f17   RF1ADINW_H
00000f20   RF1ASTAT0W
00000f20   RF1ASTAT0W_L
00000f21   RF1ASTAT0W_H
00000f22   RF1ASTAT1W
00000f22   RF1ASTAT1W_L
00000f23   RF1ASTAT1W_H
00000f24   RF1ASTAT2W
00000f24   RF1ASTAT2W_L
00000f25   RF1ASTAT2W_H
00000f28   RF1ADOUT0W
00000f28   RF1ADOUT0W_L
00000f29   RF1ADOUT0W_H
00000f2a   RF1ADOUT1W
00000f2a   RF1ADOUT1W_L
00000f2b   RF1ADOUT1W_H
00000f2c   RF1ADOUT2W
00000f2c   RF1ADOUT2W_L
00000f2d   RF1ADOUT2W_H
00000f30   RF1AIN
00000f30   RF1AIN_L
00000f31   RF1AIN_H
00000f32   RF1AIFG
00000f32   RF1AIFG_L
00000f33   RF1AIFG_H
00000f34   RF1AIES
00000f34   RF1AIES_L
00000f35   RF1AIES_H
00000f36   RF1AIE
00000f36   RF1AIE_L
00000f37   RF1AIE_H
00000f38   RF1AIV
00000f38   RF1AIV_L
00000f39   RF1AIV_H
00000f3c   RF1ARXFIFO
00000f3c   RF1ARXFIFO_L
00000f3d   RF1ARXFIFO_H
00000f3e   RF1ATXFIFO
00000f3e   RF1ATXFIFO_L
00000f3f   RF1ATXFIFO_H
00001c00   .bss
00001c00   __bss__
00001c8c   segments_lcdmem
00001ce0   sRFsmpl
00001ce4   simpliciti_flag
00001ce6   simpliciti_data
00001d06   simpliciti_ed_address
00001d0a   simpliciti_payload_length
00001d0b   simpliciti_reply_count
00001d0c   burst_mode
00001d0e   burst_start
00001d10   burst_end
00001d12   burst_packet
00001d24   burst_packet_index
00001d62   method
00001d80   BRRX__TXCB_t
00001d9c   sys
00001d9e   request
00001da0   message
00001da2   rf_frequoffset
00001da4   fptr_lcd_function_line1
00001da8   fptr_lcd_function_line2
00001dac   sAlt
00001dba   sTime
00001dc8   sStopwatch
00001ddc   BRRX__PowerdownDelay_u8
00001ddd   BRRX__SignalLevelReduction
00001dde   BRRX__MaxSearchTries_u8
00001ddf   BRRX__SearchRatio_u8
00001de0   BRRX__TestMode_u8
00001de2   BRRX__PacketBits_t
00001dec   sAccel
00001df6   display
00001df8   itoa_str
00001e27   sInit_done
00001e28   BRRX__NextEventTime_u16
00001e2a   BRRX__NextEndTime_u16
00001e2c   BRRX__NextFrequency_u8
00001e2d   BRRX__NextFrequencyOffset_s8
00001e2e   BRRX__TimerState_t
00001e30   sBatt
00001e38   sBuzzer
00001e40   button
00001e42   sButton
00001e48   _lock
00001e4c   _unlock
00001e50   _cleanup_ptr
00001e54   _dtors_ptr
00001e58   fptr_Timer0_A3_function
00001e5c   sTimer
00001e64   brrx_packet_end_cap_value
00001e66   sDate
00001e6c   BRRX__StatusFlags_t
00001e6e   BRRX__CurrentPacketTime_u16
00001e70   BRRX__CurrentSignalLevel_u8
00001e71   as_ok
00001e76   sAlarm
00001e7a   ptrMenu_L1
00001e7c   ptrMenu_L2
00001e81   __end__
00001e81   end
00002bac   _stack
00002bfc   __STACK_END
00008000   .text
00008000   BRRX__Scheduler_v
00008000   __text__
0000827c   test_mode
000084e8   set_value
0000870e   mx_time
00008920   mx_date
00008b1e   TIMER0_A0_ISR
00008d18   MRFI_Init
00008ed2   PORT2_ISR
0000906a   display_time
00009200   display_acceleration
0000935c   display_update
000094b4   nwk_link
00009608   simpliciti_sync_decode_ap_cmd_callback
0000973e   __fs_sub
00009744   __fs_add
0000986e   display_stopwatch
0000999c   display_altitude
00009abe   MRFI_Transmit
00009cfc   SMPL_Ioctl
00009e1a   mx_altitude
00009f30   wakeup_event
0000a036   mx_alarm
0000a13a   nwk_join
0000a232   SMPL_SendOpt
0000a320   nwk_QfindOldest
0000a40e   display_chars
0000a4f6   display_alarm
0000a5d2   display_date
0000a6a8   simpliciti_sync_get_data_callback
0000a77e   nwk_allocateLocalRxPort
0000a852   stopwatch_tick
0000a922   start_simpliciti_tx_only
0000a9ee   init_application
0000aab8   itoa
0000ab80   read_calibration_values
0000acfa   __fs_mpy
0000adb0   simpliciti_link
0000ae66   simpliciti_main_sync
0000af1c   simpliciti_get_ed_data_callback
0000afc2   nwk_retrieveFrame
0000b064   do_altitude_measurement
0000b104   start_simpliciti_sync
0000b1a2   nwk_radioControl
0000b23e   nwk_nwkInit
0000b2d2   mrfiRadioInterfaceCmdStrobe
0000b362   nwk_buildFrame
0000b472   get_numberOfDays
0000b4f4   as_start
0000b5f0   nwk_getNextConnection
0000b66a   nwk_QfindSlot
0000b6e0   battery_measurement
0000b754   TIMER0_A1_5_ISR
0000b7c6   display_char
0000b836   BRRX_RadioReceive_v
0000b8a4   L_LSR
0000b8b6   L_LSR_15
0000b8bc   L_LSR_14
0000b8c2   L_LSR_13
0000b8c8   L_LSR_12
0000b8ce   L_LSR_11
0000b8d4   L_LSR_10
0000b8da   L_LSR_9
0000b8e0   L_LSR_8
0000b8e6   L_LSR_7
0000b8ec   L_LSR_6
0000b8f2   L_LSR_5
0000b8f8   L_LSR_4
0000b8fe   L_LSR_3
0000b904   L_LSR_2
0000b90a   L_LSR_1
0000b912   as_read_register
0000b97e   as_write_register
0000b9ea   MRFI_SetLogicalChannel
0000ba52   init_global_variables
0000baba   display_hours1
0000bb1e   clear_line
0000bb7e   write_lcd_mem
0000bbde   display_battery_V
0000bc3c   clock_tick
0000bc98   sx_stopwatch
0000bcf4   toggle_buzzer
0000bdaa   reset_altitude_measurement
0000be02   __divul
0000be02   __remul
0000be5a   MRFI_ReplyDelay
0000beae   BRRX__StartNewSearch_v
0000bf52   nwk_rawSend
0000bfa4   L_LSL
0000bfb4   L_LSL_15
0000bfb8   L_LSL_14
0000bfbc   L_LSL_13
0000bfc0   L_LSL_12
0000bfc4   L_LSL_11
0000bfc8   L_LSL_10
0000bfcc   L_LSL_9
0000bfd0   L_LSL_8
0000bfd4   L_LSL_7
0000bfd8   L_LSL_6
0000bfdc   L_LSL_5
0000bfe0   L_LSL_4
0000bfe4   L_LSL_3
0000bfe8   L_LSL_2
0000bfec   L_LSL_1
0000c03e   add_day
0000c08a   button_repeat_function
0000c0d6   __fs_toul
0000c122   Timer0_A4_Delay
0000c16c   convert_acceleration_value_to_mgrav
0000c1b6   process_requests
0000c1fe   BR__CalcRandomTimeOffset_u16
0000c244   MRFI_RxIdle
0000c28a   SetVCoreUp
0000c2d0   _auto_init
0000c316   mrfiRadioInterfaceReadReg
0000c35c   __fs_tou
0000c3a2   simpliciti_main_tx_only
0000c3e8   start_buzzer
0000c42e   update_stopwatch_timer
0000c474   SMPL_Receive
0000c4b8   __divli
0000c4b8   __remli
0000c4f8   start_altitude_measurement
0000c538   BRRX__NewInfo_v
0000c5b4   main
0000c5f2   mx_stopwatch
0000c630   BRRX_TimerTask_v
0000c66c   sx_rfbsl
0000c6a8   nwk_putNumObjectIntoMsg
0000c6de   BSP_Delay
0000c712   SMPL_Init
0000c77a   mrfiRadioInterfaceWriteReg
0000c7ae   mrfiRadioInterfaceWriteTxFifo
0000c7e2   BRRX_RadioStop_v
0000c814   MRFI_RxOn
0000c846   as_stop
0000c878   nwk_deviceAddress
0000c8aa   __fs_ultof
0000c8dc   sx_alarm
0000c90e   nwk_linkInit
0000c93e   nwk_rawReceive
0000c96e   nwk_sendFrame
0000c9cc   as_init
0000c9fa   as_get_data
0000ca26   nwk_QadjustOrder
0000ca52   __divi
0000ca52   __remi
0000ca7e   MRFI_SetRxAddrFilter
0000cad2   _c_int00
0000cad2   _c_int00_noexit
0000cafc   lcd_init
0000cb4e   nwk_getConnInfo
0000cb76   SetVCoreDown
0000cb9c   init_buttons
0000cbc2   nwk_checkConnInfo
0000cbe8   nwk_globalsInit
0000cc0e   nwk_joinInit
0000cc34   stop_buzzer
0000cc5a   BRRX_GetState_t
0000cc7e   MRFI_Sleep
0000ccc6   SetVCore
0000ccea   memcmp
0000cd0e   reset_clock
0000cd32   __fs_utof
0000cd56   MRFI_WakeUp
0000cd78   button_repeat_on
0000cd9a   display_value1
0000cdbc   nwk_buildAckReqFrame
0000cdde   __mpyl_f5hw
0000ce00   MRFI_Rssi
0000ce20   display_am_pm_symbol
0000ce40   memmove
0000ce60   nwk_connectionControl
0000ce80   reset_stopwatch
0000cea0   MRFI_EnableRxAddrFilter
0000cedc   display_symbol
0000cefa   nwk_frameInit
0000cf18   nwk_setMyAddress
0000cf36   check_alarm
0000cf52   clear_display_all
0000cf6e   nwk_QInit
0000cf8a   stop_altitude_measurement
0000cfa6   sx_acceleration
0000cfdc   MRFI_SetRFPwr
0000cff6   stop_stopwatch
0000d010   MRFI_DelayMs
0000d028   Timer0_A3_Start
0000d040   convert_hour_to_12H_format
0000d058   inc_stopwatch
0000d070   reset_alarm
0000d088   sx_ppt
0000d0a0   sx_rf
0000d0b8   MRFI_RandomByte
0000d0ce   display_selection_Timeformat1
0000d0e4   __divu
0000d0e4   __remu
0000d0fa   __mpyi_f5hw
0000d110   sx_sync
0000d126   Timer0_Init
0000d13a   display_ppt
0000d14e   display_rf
0000d162   display_rfbsl
0000d176   display_sync
0000d18a   is_stopwatch
0000d19e   memset
0000d1b2   reset_date
0000d1c6   BR__CalcRandomChannel_u8
0000d1d8   is_acceleration_measurement
0000d1ea   is_altitude_measurement
0000d1fc   memcpy
0000d20e   nwk_getJoinToken
0000d220   nwk_getLinkToken
0000d232   nwk_getMyAddress
0000d244   nwk_setJoinToken
0000d256   nwk_setLinkToken
0000d268   reset_batt_measurement
0000d27a   BSP_InitBoard
0000d28a   do_acceleration_measurement
0000d29a   sx_date
0000d2aa   sx_time
0000d2ba   idle_loop
0000d2c8   is_hour_am
0000d2d6   reset_acceleration
0000d2e4   set_blink_rate
0000d2f2   BRRX__GetCurrentTime_u16
0000d2fe   Timer0_Stop
0000d30a   clear_display
0000d316   is_rf
0000d322   nwk_setAPAddress
0000d32e   switch_seg
0000d33a   update_acceleration
0000d346   update_alarm
0000d352   update_battery_voltage
0000d35e   update_stopwatch
0000d36a   update_temperature
0000d376   BRRX__StopTimer_v
0000d380   button_repeat_off
0000d38a   nwk_mgmtInit
0000d394   nwk_pingInit
0000d39e   reset_buzzer
0000d3a8   reset_rf
0000d3b2   update_date
0000d3bc   update_time
0000d3c6   BRRX_GetFS_Offset_s8
0000d3ce   Timer0_A3_Stop
0000d3d6   Timer0_Start
0000d3de   stop_alarm
0000d3e6   to_lpm
0000d3ee   MRFI_GetRadioState
0000d3f4   clear_blink_mem
0000d3fa   nwk_freeConnection
0000d400   nwk_getBCastAddress
0000d406   nwk_getFWVersion
0000d40c   start_blink
0000d412   stop_blink
0000d418   SMPL_Link
0000d41c   _system_pre_init
0000d420   C$$EXIT
0000d420   abort
0000d424   nwk_NVObj
0000d428   nwk_getMyRxType
0000d42c   nwk_getProtocolVersion
0000d430   _nop
0000d432   dummy
0000d434   nwk_freqInit
0000d436   nwk_securityInit
0000d438   sx_altitude
0000d43a   __etext__
0000d43a   etext
0000d43a   itoa_conversion_table
0000d65a   menu_L1_Time
0000d66c   menu_L1_Alarm
0000d67e   menu_L1_Temperature
0000d690   menu_L1_Altitude
0000d6a2   menu_L1_Heartrate
0000d6b4   menu_L1_Speed
0000d6c6   menu_L1_Acceleration
0000d6d8   menu_L2_Date
0000d6ea   menu_L2_Stopwatch
0000d6fc   menu_L2_Battery
0000d70e   menu_L2_Rf
0000d720   menu_L2_Ppt
0000d732   menu_L2_Sync
0000d744   menu_L2_CalDist
0000d756   menu_L2_RFBSL
0000d768   RandomValue_u8
0000d868   mrfiRadioCfg
0000d8a8   lcd_font
0000d8d4   segments_bitmask
0000d948   mgrav_per_bit
0000d97e   selection_Timeformat
0000d994   BRRX__First_TXCB_t
0000d996   BRRX__Last_TXCB_t
0000d998   mrfiBroadcastAddr
0000d9a6   __cinit__
0000d9a6   cinit
0000fffe   _reset_vector
ffffffff   __binit__
ffffffff   __c_args__
ffffffff   __pinit__
ffffffff   binit
ffffffff   pinit
UNDEFED    Strobe
UNDEFED    WriteSingleReg
UNDEFED    adc12_single_conversion
UNDEFED    close_radio
UNDEFED    conv_pa_to_meter
UNDEFED    display_caldist
UNDEFED    display_heartrate
UNDEFED    display_speed
UNDEFED    display_temperature
UNDEFED    get_bluerobin_data
UNDEFED    init_pressure_table
UNDEFED    is_bluerobin
UNDEFED    is_bluerobin_searching
UNDEFED    is_temp_measurement
UNDEFED    mx_bluerobin
UNDEFED    mx_caldist
UNDEFED    mx_temperature
UNDEFED    open_radio
UNDEFED    ps_get_pa
UNDEFED    ps_get_temp
UNDEFED    ps_init
UNDEFED    ps_ok
UNDEFED    ps_start
UNDEFED    ps_stop
UNDEFED    radio_powerdown
UNDEFED    radio_reset
UNDEFED    reset_bluerobin
UNDEFED    reset_temp_measurement
UNDEFED    sTemp
UNDEFED    stop_bluerobin
UNDEFED    sx_bluerobin
UNDEFED    sx_caldist
UNDEFED    temperature_measurement
UNDEFED    update_pressure_table

[1161 symbols]
